../Core/Task/blink_led_debug/blink_led_debug.c:50:6:status_led_set_status	16	static
../Core/Task/blink_led_debug/blink_led_debug.c:56:13:status_led_off	4	static
../Core/Task/blink_led_debug/blink_led_debug.c:62:13:status_led_on	4	static
../Core/Task/blink_led_debug/blink_led_debug.c:70:6:status_led_update	8	static
../Core/Task/blink_led_debug/blink_led_debug.c:88:13:status_led_powerup	8	static
../Core/Task/blink_led_debug/blink_led_debug.c:117:13:status_led_normal	4	static
../Core/Task/blink_led_debug/blink_led_debug.c:122:6:status_led_create_task	8	static
