../../Drivers/STM32H7xx_HAL_Driver/Inc/stm32h7xx_ll_i2c.h:1287:22:LL_I2C_EnableIT_TX	16	static
../../Drivers/STM32H7xx_HAL_Driver/Inc/stm32h7xx_ll_i2c.h:1298:22:LL_I2C_DisableIT_TX	16	static
../../Drivers/STM32H7xx_HAL_Driver/Inc/stm32h7xx_ll_i2c.h:1320:22:LL_I2C_EnableIT_RX	16	static
../../Drivers/STM32H7xx_HAL_Driver/Inc/stm32h7xx_ll_i2c.h:1331:22:LL_I2C_DisableIT_RX	16	static
../../Drivers/STM32H7xx_HAL_Driver/Inc/stm32h7xx_ll_i2c.h:1386:22:LL_I2C_EnableIT_NACK	16	static
../../Drivers/STM32H7xx_HAL_Driver/Inc/stm32h7xx_ll_i2c.h:1419:22:LL_I2C_EnableIT_STOP	16	static
../../Drivers/STM32H7xx_HAL_Driver/Inc/stm32h7xx_ll_i2c.h:1455:22:LL_I2C_EnableIT_TC	16	static
../../Drivers/STM32H7xx_HAL_Driver/Inc/stm32h7xx_ll_i2c.h:1500:22:LL_I2C_EnableIT_ERR	16	static
../../Drivers/STM32H7xx_HAL_Driver/Inc/stm32h7xx_ll_i2c.h:1552:26:LL_I2C_IsActiveFlag_TXE	16	static
../../Drivers/STM32H7xx_HAL_Driver/Inc/stm32h7xx_ll_i2c.h:1565:26:LL_I2C_IsActiveFlag_TXIS	16	static
../../Drivers/STM32H7xx_HAL_Driver/Inc/stm32h7xx_ll_i2c.h:1578:26:LL_I2C_IsActiveFlag_RXNE	16	static
../../Drivers/STM32H7xx_HAL_Driver/Inc/stm32h7xx_ll_i2c.h:1591:26:LL_I2C_IsActiveFlag_ADDR	16	static
../../Drivers/STM32H7xx_HAL_Driver/Inc/stm32h7xx_ll_i2c.h:1604:26:LL_I2C_IsActiveFlag_NACK	16	static
../../Drivers/STM32H7xx_HAL_Driver/Inc/stm32h7xx_ll_i2c.h:1617:26:LL_I2C_IsActiveFlag_STOP	16	static
../../Drivers/STM32H7xx_HAL_Driver/Inc/stm32h7xx_ll_i2c.h:1630:26:LL_I2C_IsActiveFlag_TC	16	static
../../Drivers/STM32H7xx_HAL_Driver/Inc/stm32h7xx_ll_i2c.h:1741:26:LL_I2C_IsActiveFlag_BUSY	16	static
../../Drivers/STM32H7xx_HAL_Driver/Inc/stm32h7xx_ll_i2c.h:1752:22:LL_I2C_ClearFlag_ADDR	16	static
../../Drivers/STM32H7xx_HAL_Driver/Inc/stm32h7xx_ll_i2c.h:1774:22:LL_I2C_ClearFlag_STOP	16	static
../../Drivers/STM32H7xx_HAL_Driver/Inc/stm32h7xx_ll_i2c.h:1977:22:LL_I2C_AcknowledgeNextData	16	static
../../Drivers/STM32H7xx_HAL_Driver/Inc/stm32h7xx_ll_i2c.h:1990:22:LL_I2C_GenerateStartCondition	16	static
../../Drivers/STM32H7xx_HAL_Driver/Inc/stm32h7xx_ll_i2c.h:2001:22:LL_I2C_GenerateStopCondition	16	static
../../Drivers/STM32H7xx_HAL_Driver/Inc/stm32h7xx_ll_i2c.h:2133:22:LL_I2C_HandleTransfer	32	static
../../Drivers/STM32H7xx_HAL_Driver/Inc/stm32h7xx_ll_i2c.h:2225:25:LL_I2C_ReceiveData8	16	static
../../Drivers/STM32H7xx_HAL_Driver/Inc/stm32h7xx_ll_i2c.h:2237:22:LL_I2C_TransmitData8	16	static
../Core/Peripherials/I2C/i2c_it.c:15:24:LL_I2C_IsBusyIT	16	static
../Core/Peripherials/I2C/i2c_it.c:20:26:I2C_Write	40	static
../Core/Peripherials/I2C/i2c_it.c:90:26:I2C_Read_NOSTOP	48	static
../Core/Peripherials/I2C/i2c_it.c:171:26:I2C_Read	48	static
../Core/Peripherials/I2C/i2c_it.c:238:26:I2C_Mem_Write_IT	24	static
../Core/Peripherials/I2C/i2c_it.c:285:26:I2C_Mem_Read_IT	24	static
../Core/Peripherials/I2C/i2c_it.c:320:6:I2C_EV_IRQHandler	24	static
