../../Drivers/STM32H7xx_HAL_Driver/Inc/stm32h7xx_ll_usart.h:2950:26:LL_USART_IsActiveFlag_FE	16	static
../../Drivers/STM32H7xx_HAL_Driver/Inc/stm32h7xx_ll_usart.h:2961:26:LL_USART_IsActiveFlag_NE	16	static
../../Drivers/STM32H7xx_HAL_Driver/Inc/stm32h7xx_ll_usart.h:2972:26:LL_USART_IsActiveFlag_ORE	16	static
../../Drivers/STM32H7xx_HAL_Driver/Inc/stm32h7xx_ll_usart.h:2998:26:LL_USART_IsActiveFlag_RXNE_RXFNE	16	static
../../Drivers/STM32H7xx_HAL_Driver/Inc/stm32h7xx_ll_usart.h:3024:26:LL_USART_IsActiveFlag_TXE_TXFNF	16	static
../../Drivers/STM32H7xx_HAL_Driver/Inc/stm32h7xx_ll_usart.h:3290:22:LL_USART_ClearFlag_FE	16	static
../../Drivers/STM32H7xx_HAL_Driver/Inc/stm32h7xx_ll_usart.h:3301:22:LL_USART_ClearFlag_NE	16	static
../../Drivers/STM32H7xx_HAL_Driver/Inc/stm32h7xx_ll_usart.h:3312:22:LL_USART_ClearFlag_ORE	16	static
../../Drivers/STM32H7xx_HAL_Driver/Inc/stm32h7xx_ll_usart.h:3479:22:LL_USART_EnableIT_RXNE_RXFNE	40	static,ignoring_inline_asm
../../Drivers/STM32H7xx_HAL_Driver/Inc/stm32h7xx_ll_usart.h:3505:22:LL_USART_EnableIT_TXE_TXFNF	40	static,ignoring_inline_asm
../../Drivers/STM32H7xx_HAL_Driver/Inc/stm32h7xx_ll_usart.h:3603:22:LL_USART_EnableIT_ERROR	40	static,ignoring_inline_asm
../../Drivers/STM32H7xx_HAL_Driver/Inc/stm32h7xx_ll_usart.h:3694:22:LL_USART_DisableIT_RXNE_RXFNE	40	static,ignoring_inline_asm
../../Drivers/STM32H7xx_HAL_Driver/Inc/stm32h7xx_ll_usart.h:3720:22:LL_USART_DisableIT_TXE_TXFNF	40	static,ignoring_inline_asm
../../Drivers/STM32H7xx_HAL_Driver/Inc/stm32h7xx_ll_usart.h:3911:26:LL_USART_IsEnabledIT_RXNE_RXFNE	16	static
../../Drivers/STM32H7xx_HAL_Driver/Inc/stm32h7xx_ll_usart.h:3937:26:LL_USART_IsEnabledIT_TXE_TXFNF	16	static
../../Drivers/STM32H7xx_HAL_Driver/Inc/stm32h7xx_ll_usart.h:4252:25:LL_USART_ReceiveData8	16	static
../../Drivers/STM32H7xx_HAL_Driver/Inc/stm32h7xx_ll_usart.h:4275:22:LL_USART_TransmitData8	16	static
../Core/Peripherials/UART/uart.c:81:6:Ringbuf_init	8	static
../Core/Peripherials/UART/uart.c:112:6:store_char	24	static
../Core/Peripherials/UART/uart.c:124:5:Uart_read	24	static
../Core/Peripherials/UART/uart.c:148:6:Uart_write	24	static
../Core/Peripherials/UART/uart.c:177:5:IsDataAvailable	24	static
../Core/Peripherials/UART/uart.c:193:6:Uart_sendstring	16	static
../Core/Peripherials/UART/uart.c:198:6:GetDataFromBuffer	56	static
../Core/Peripherials/UART/uart.c:257:6:Uart_flush	24	static
../Core/Peripherials/UART/uart.c:274:5:Uart_peek	24	static
../Core/Peripherials/UART/uart.c:295:5:Copy_upto	40	static
../Core/Peripherials/UART/uart.c:340:5:Get_after	32	static
../Core/Peripherials/UART/uart.c:352:5:Wait_for	32	static
../Core/Peripherials/UART/uart.c:402:6:Uart_isr	32	static
