Archive member included to satisfy reference by file (symbol)

C:/ST/STM32CubeIDE_1.15.1/STM32CubeIDE/plugins/com.st.stm32cube.ide.mcu.externaltools.gnu-tools-for-stm32.12.3.rel1.win32_1.0.200.202406191623/tools/bin/../lib/gcc/arm-none-eabi/12.3.1/../../../../arm-none-eabi/lib/thumb/v7e-m+fp/hard\libc_nano.a(libc_a-atoi.o)
                              ./Core/BSP/JSMN/jsmn.o (atoi)
C:/ST/STM32CubeIDE_1.15.1/STM32CubeIDE/plugins/com.st.stm32cube.ide.mcu.externaltools.gnu-tools-for-stm32.12.3.rel1.win32_1.0.200.202406191623/tools/bin/../lib/gcc/arm-none-eabi/12.3.1/../../../../arm-none-eabi/lib/thumb/v7e-m+fp/hard\libc_nano.a(libc_a-exit.o)
                              C:/ST/STM32CubeIDE_1.15.1/STM32CubeIDE/plugins/com.st.stm32cube.ide.mcu.externaltools.gnu-tools-for-stm32.12.3.rel1.win32_1.0.200.202406191623/tools/bin/../lib/gcc/arm-none-eabi/12.3.1/../../../../arm-none-eabi/lib/thumb/v7e-m+fp/hard/crt0.o (exit)
C:/ST/STM32CubeIDE_1.15.1/STM32CubeIDE/plugins/com.st.stm32cube.ide.mcu.externaltools.gnu-tools-for-stm32.12.3.rel1.win32_1.0.200.202406191623/tools/bin/../lib/gcc/arm-none-eabi/12.3.1/../../../../arm-none-eabi/lib/thumb/v7e-m+fp/hard\libc_nano.a(libc_a-rand.o)
                              ./Core/BSP/JSMN/jsmn.o (rand)
C:/ST/STM32CubeIDE_1.15.1/STM32CubeIDE/plugins/com.st.stm32cube.ide.mcu.externaltools.gnu-tools-for-stm32.12.3.rel1.win32_1.0.200.202406191623/tools/bin/../lib/gcc/arm-none-eabi/12.3.1/../../../../arm-none-eabi/lib/thumb/v7e-m+fp/hard\libc_nano.a(libc_a-strtol.o)
                              C:/ST/STM32CubeIDE_1.15.1/STM32CubeIDE/plugins/com.st.stm32cube.ide.mcu.externaltools.gnu-tools-for-stm32.12.3.rel1.win32_1.0.200.202406191623/tools/bin/../lib/gcc/arm-none-eabi/12.3.1/../../../../arm-none-eabi/lib/thumb/v7e-m+fp/hard\libc_nano.a(libc_a-atoi.o) (_strtol_r)
C:/ST/STM32CubeIDE_1.15.1/STM32CubeIDE/plugins/com.st.stm32cube.ide.mcu.externaltools.gnu-tools-for-stm32.12.3.rel1.win32_1.0.200.202406191623/tools/bin/../lib/gcc/arm-none-eabi/12.3.1/../../../../arm-none-eabi/lib/thumb/v7e-m+fp/hard\libc_nano.a(libc_a-ctype_.o)
                              C:/ST/STM32CubeIDE_1.15.1/STM32CubeIDE/plugins/com.st.stm32cube.ide.mcu.externaltools.gnu-tools-for-stm32.12.3.rel1.win32_1.0.200.202406191623/tools/bin/../lib/gcc/arm-none-eabi/12.3.1/../../../../arm-none-eabi/lib/thumb/v7e-m+fp/hard\libc_nano.a(libc_a-strtol.o) (_ctype_)
C:/ST/STM32CubeIDE_1.15.1/STM32CubeIDE/plugins/com.st.stm32cube.ide.mcu.externaltools.gnu-tools-for-stm32.12.3.rel1.win32_1.0.200.202406191623/tools/bin/../lib/gcc/arm-none-eabi/12.3.1/../../../../arm-none-eabi/lib/thumb/v7e-m+fp/hard\libc_nano.a(libc_a-nano-vfprintf_float.o)
                              (_printf_float)
C:/ST/STM32CubeIDE_1.15.1/STM32CubeIDE/plugins/com.st.stm32cube.ide.mcu.externaltools.gnu-tools-for-stm32.12.3.rel1.win32_1.0.200.202406191623/tools/bin/../lib/gcc/arm-none-eabi/12.3.1/../../../../arm-none-eabi/lib/thumb/v7e-m+fp/hard\libc_nano.a(libc_a-nano-vfprintf_i.o)
                              C:/ST/STM32CubeIDE_1.15.1/STM32CubeIDE/plugins/com.st.stm32cube.ide.mcu.externaltools.gnu-tools-for-stm32.12.3.rel1.win32_1.0.200.202406191623/tools/bin/../lib/gcc/arm-none-eabi/12.3.1/../../../../arm-none-eabi/lib/thumb/v7e-m+fp/hard\libc_nano.a(libc_a-nano-vfprintf_float.o) (_printf_common)
C:/ST/STM32CubeIDE_1.15.1/STM32CubeIDE/plugins/com.st.stm32cube.ide.mcu.externaltools.gnu-tools-for-stm32.12.3.rel1.win32_1.0.200.202406191623/tools/bin/../lib/gcc/arm-none-eabi/12.3.1/../../../../arm-none-eabi/lib/thumb/v7e-m+fp/hard\libc_nano.a(libc_a-findfp.o)
                              C:/ST/STM32CubeIDE_1.15.1/STM32CubeIDE/plugins/com.st.stm32cube.ide.mcu.externaltools.gnu-tools-for-stm32.12.3.rel1.win32_1.0.200.202406191623/tools/bin/../lib/gcc/arm-none-eabi/12.3.1/../../../../arm-none-eabi/lib/thumb/v7e-m+fp/hard\libc_nano.a(libc_a-exit.o) (__stdio_exit_handler)
C:/ST/STM32CubeIDE_1.15.1/STM32CubeIDE/plugins/com.st.stm32cube.ide.mcu.externaltools.gnu-tools-for-stm32.12.3.rel1.win32_1.0.200.202406191623/tools/bin/../lib/gcc/arm-none-eabi/12.3.1/../../../../arm-none-eabi/lib/thumb/v7e-m+fp/hard\libc_nano.a(libc_a-fwalk.o)
                              C:/ST/STM32CubeIDE_1.15.1/STM32CubeIDE/plugins/com.st.stm32cube.ide.mcu.externaltools.gnu-tools-for-stm32.12.3.rel1.win32_1.0.200.202406191623/tools/bin/../lib/gcc/arm-none-eabi/12.3.1/../../../../arm-none-eabi/lib/thumb/v7e-m+fp/hard\libc_nano.a(libc_a-findfp.o) (_fwalk_sglue)
C:/ST/STM32CubeIDE_1.15.1/STM32CubeIDE/plugins/com.st.stm32cube.ide.mcu.externaltools.gnu-tools-for-stm32.12.3.rel1.win32_1.0.200.202406191623/tools/bin/../lib/gcc/arm-none-eabi/12.3.1/../../../../arm-none-eabi/lib/thumb/v7e-m+fp/hard\libc_nano.a(libc_a-printf.o)
                              ./Core/BSP/JSMN/jsmn.o (printf)
[...]
Memory Configuration

Name             Origin             Length             Attributes
FLASH            0x08100000         0x00100000         xr
RAM              0x10000000         0x00048000         xrw
*default*        0x00000000         0xffffffff

Linker script and memory map

LOAD C:/ST/STM32CubeIDE_1.15.1/STM32CubeIDE/plugins/com.st.stm32cube.ide.mcu.externaltools.gnu-tools-for-stm32.12.3.rel1.win32_1.0.200.202406191623/tools/bin/../lib/gcc/arm-none-eabi/12.3.1/thumb/v7e-m+fp/hard/crti.o
LOAD C:/ST/STM32CubeIDE_1.15.1/STM32CubeIDE/plugins/com.st.stm32cube.ide.mcu.externaltools.gnu-tools-for-stm32.12.3.rel1.win32_1.0.200.202406191623/tools/bin/../lib/gcc/arm-none-eabi/12.3.1/thumb/v7e-m+fp/hard/crtbegin.o
LOAD C:/ST/STM32CubeIDE_1.15.1/STM32CubeIDE/plugins/com.st.stm32cube.ide.mcu.externaltools.gnu-tools-for-stm32.12.3.rel1.win32_1.0.200.202406191623/tools/bin/../lib/gcc/arm-none-eabi/12.3.1/../../../../arm-none-eabi/lib/thumb/v7e-m+fp/hard/crt0.o
LOAD ./Common/Src/system_stm32h7xx_dualcore_boot_cm4_cm7.o
LOAD ./Core/BSP/FSP/libfsp/crc16.o
LOAD ./Core/BSP/FSP/libfsp/fsp.o
LOAD ./Core/BSP/JSMN/jsmn.o
LOAD ./Core/BSP/Logger/log.o
LOAD ./Core/BSP/Scheduler/scheduler.o
LOAD ./Core/BSP/System_IPC/ring_buffer.o
LOAD ./Core/BSP/Systick/systick.o
LOAD ./Core/Peripherials/Ex_WatchDog/ex_watchdog.o
LOAD ./Core/Peripherials/I2C/i2c_it.o
LOAD ./Core/Peripherials/I2C_Expander/i2c_mcp23017.o
LOAD ./Core/Peripherials/SPI/spi.o
LOAD ./Core/Peripherials/SPI_ADC/spi_ads8327.o
LOAD ./Core/Peripherials/UART/uart.o
LOAD ./Core/Src/main.o
LOAD ./Core/Src/stm32h7xx_hal_msp.o
LOAD ./Core/Src/stm32h7xx_it.o
LOAD ./Core/Src/syscalls.o
LOAD ./Core/Src/sysmem.o
LOAD ./Core/Startup/startup_stm32h745zitx.o
LOAD ./Core/Task/blink_led_debug/blink_led_debug.o
LOAD ./Core/Task/dualcore_cmd/dualcore_cmd.o
LOAD ./Core/Task/pet_watchdog_m4/pet_watchdog_m4.o
LOAD ./Drivers/STM32H7xx_HAL_Driver/stm32h7xx_hal.o
LOAD ./Drivers/STM32H7xx_HAL_Driver/stm32h7xx_hal_cortex.o
LOAD ./Drivers/STM32H7xx_HAL_Driver/stm32h7xx_hal_dma.o
LOAD ./Drivers/STM32H7xx_HAL_Driver/stm32h7xx_hal_dma_ex.o
LOAD ./Drivers/STM32H7xx_HAL_Driver/stm32h7xx_hal_exti.o
LOAD ./Drivers/STM32H7xx_HAL_Driver/stm32h7xx_hal_flash.o
LOAD ./Drivers/STM32H7xx_HAL_Driver/stm32h7xx_hal_flash_ex.o
LOAD ./Drivers/STM32H7xx_HAL_Driver/stm32h7xx_hal_gpio.o
LOAD ./Drivers/STM32H7xx_HAL_Driver/stm32h7xx_hal_hsem.o
LOAD ./Drivers/STM32H7xx_HAL_Driver/stm32h7xx_hal_i2c.o
LOAD ./Drivers/STM32H7xx_HAL_Driver/stm32h7xx_hal_i2c_ex.o
LOAD ./Drivers/STM32H7xx_HAL_Driver/stm32h7xx_hal_mdma.o
LOAD ./Drivers/STM32H7xx_HAL_Driver/stm32h7xx_hal_pwr.o
LOAD ./Drivers/STM32H7xx_HAL_Driver/stm32h7xx_hal_pwr_ex.o
LOAD ./Drivers/STM32H7xx_HAL_Driver/stm32h7xx_hal_rcc.o
LOAD ./Drivers/STM32H7xx_HAL_Driver/stm32h7xx_hal_rcc_ex.o
LOAD ./Drivers/STM32H7xx_HAL_Driver/stm32h7xx_hal_tim.o
LOAD ./Drivers/STM32H7xx_HAL_Driver/stm32h7xx_hal_tim_ex.o
LOAD ./Drivers/STM32H7xx_HAL_Driver/stm32h7xx_hal_uart.o
LOAD ./Drivers/STM32H7xx_HAL_Driver/stm32h7xx_hal_uart_ex.o
LOAD ./Drivers/STM32H7xx_HAL_Driver/stm32h7xx_ll_bdma.o
LOAD ./Drivers/STM32H7xx_HAL_Driver/stm32h7xx_ll_dma.o
LOAD ./Drivers/STM32H7xx_HAL_Driver/stm32h7xx_ll_exti.o
LOAD ./Drivers/STM32H7xx_HAL_Driver/stm32h7xx_ll_gpio.o
LOAD ./Drivers/STM32H7xx_HAL_Driver/stm32h7xx_ll_i2c.o
LOAD ./Drivers/STM32H7xx_HAL_Driver/stm32h7xx_ll_rcc.o
LOAD ./Drivers/STM32H7xx_HAL_Driver/stm32h7xx_ll_spi.o
LOAD ./Drivers/STM32H7xx_HAL_Driver/stm32h7xx_ll_usart.o
LOAD ./Drivers/STM32H7xx_HAL_Driver/stm32h7xx_ll_utils.o
START GROUP
LOAD C:/ST/STM32CubeIDE_1.15.1/STM32CubeIDE/plugins/com.st.stm32cube.ide.mcu.externaltools.gnu-tools-for-stm32.12.3.rel1.win32_1.0.200.202406191623/tools/bin/../lib/gcc/arm-none-eabi/12.3.1/../../../../arm-none-eabi/lib/thumb/v7e-m+fp/hard\libc_nano.a
LOAD C:/ST/STM32CubeIDE_1.15.1/STM32CubeIDE/plugins/com.st.stm32cube.ide.mcu.externaltools.gnu-tools-for-stm32.12.3.rel1.win32_1.0.200.202406191623/tools/bin/../lib/gcc/arm-none-eabi/12.3.1/../../../../arm-none-eabi/lib/thumb/v7e-m+fp/hard\libm.a
END GROUP
START GROUP
LOAD C:/ST/STM32CubeIDE_1.15.1/STM32CubeIDE/plugins/com.st.stm32cube.ide.mcu.externaltools.gnu-tools-for-stm32.12.3.rel1.win32_1.0.200.202406191623/tools/bin/../lib/gcc/arm-none-eabi/12.3.1/thumb/v7e-m+fp/hard\libgcc.a
LOAD C:/ST/STM32CubeIDE_1.15.1/STM32CubeIDE/plugins/com.st.stm32cube.ide.mcu.externaltools.gnu-tools-for-stm32.12.3.rel1.win32_1.0.200.202406191623/tools/bin/../lib/gcc/arm-none-eabi/12.3.1/../../../../arm-none-eabi/lib/thumb/v7e-m+fp/hard\libc_nano.a
END GROUP
START GROUP
LOAD C:/ST/STM32CubeIDE_1.15.1/STM32CubeIDE/plugins/com.st.stm32cube.ide.mcu.externaltools.gnu-tools-for-stm32.12.3.rel1.win32_1.0.200.202406191623/tools/bin/../lib/gcc/arm-none-eabi/12.3.1/thumb/v7e-m+fp/hard\libgcc.a
LOAD C:/ST/STM32CubeIDE_1.15.1/STM32CubeIDE/plugins/com.st.stm32cube.ide.mcu.externaltools.gnu-tools-for-stm32.12.3.rel1.win32_1.0.200.202406191623/tools/bin/../lib/gcc/arm-none-eabi/12.3.1/../../../../arm-none-eabi/lib/thumb/v7e-m+fp/hard\libc_nano.a
LOAD C:/ST/STM32CubeIDE_1.15.1/STM32CubeIDE/plugins/com.st.stm32cube.ide.mcu.externaltools.gnu-tools-for-stm32.12.3.rel1.win32_1.0.200.202406191623/tools/bin/../lib/gcc/arm-none-eabi/12.3.1/../../../../arm-none-eabi/lib/thumb/v7e-m+fp/hard\libnosys.a
END GROUP
START GROUP
LOAD C:/ST/STM32CubeIDE_1.15.1/STM32CubeIDE/plugins/com.st.stm32cube.ide.mcu.externaltools.gnu-tools-for-stm32.12.3.rel1.win32_1.0.200.202406191623/tools/bin/../lib/gcc/arm-none-eabi/12.3.1/thumb/v7e-m+fp/hard\libgcc.a
LOAD C:/ST/STM32CubeIDE_1.15.1/STM32CubeIDE/plugins/com.st.stm32cube.ide.mcu.externaltools.gnu-tools-for-stm32.12.3.rel1.win32_1.0.200.202406191623/tools/bin/../lib/gcc/arm-none-eabi/12.3.1/../../../../arm-none-eabi/lib/thumb/v7e-m+fp/hard\libc_nano.a
LOAD C:/ST/STM32CubeIDE_1.15.1/STM32CubeIDE/plugins/com.st.stm32cube.ide.mcu.externaltools.gnu-tools-for-stm32.12.3.rel1.win32_1.0.200.202406191623/tools/bin/../lib/gcc/arm-none-eabi/12.3.1/../../../../arm-none-eabi/lib/thumb/v7e-m+fp/hard\libnosys.a
END GROUP
LOAD C:/ST/STM32CubeIDE_1.15.1/STM32CubeIDE/plugins/com.st.stm32cube.ide.mcu.externaltools.gnu-tools-for-stm32.12.3.rel1.win32_1.0.200.202406191623/tools/bin/../lib/gcc/arm-none-eabi/12.3.1/thumb/v7e-m+fp/hard/crtend.o
LOAD C:/ST/STM32CubeIDE_1.15.1/STM32CubeIDE/plugins/com.st.stm32cube.ide.mcu.externaltools.gnu-tools-for-stm32.12.3.rel1.win32_1.0.200.202406191623/tools/bin/../lib/gcc/arm-none-eabi/12.3.1/thumb/v7e-m+fp/hard/crtn.o
                0x10048000                        _estack = (ORIGIN (RAM) + LENGTH (RAM))
                0x00000400                        _Min_Heap_Size = 0x400
                0x00000800                        _Min_Stack_Size = 0x800

.isr_vector     0x08100000      0x298
                0x08100000                        . = ALIGN (0x4)
 *(.isr_vector)
 .isr_vector    0x08100000      0x298 ./Core/Startup/startup_stm32h745zitx.o
                0x08100000                g_pfnVectors
                0x08100298                        . = ALIGN (0x4)

.text           0x081002a0     0xac38
                0x081002a0                        . = ALIGN (0x4)
 *(.text)
 .text          0x081002a0       0x40 C:/ST/STM32CubeIDE_1.15.1/STM32CubeIDE/plugins/com.st.stm32cube.ide.mcu.externaltools.gnu-tools-for-stm32.12.3.rel1.win32_1.0.200.202406191623/tools/bin/../lib/gcc/arm-none-eabi/12.3.1/thumb/v7e-m+fp/hard/crtbegin.o
 .text          0x081002e0       0x14 C:/ST/STM32CubeIDE_1.15.1/STM32CubeIDE/plugins/com.st.stm32cube.ide.mcu.externaltools.gnu-tools-for-stm32.12.3.rel1.win32_1.0.200.202406191623/tools/bin/../lib/gcc/arm-none-eabi/12.3.1/../../../../arm-none-eabi/lib/thumb/v7e-m+fp/hard\libc_nano.a(libc_a-strcmp.o)
                0x081002e0                strcmp
 *fill*         0x081002f4        0xc 
 .text          0x08100300       0xa0 C:/ST/STM32CubeIDE_1.15.1/STM32CubeIDE/plugins/com.st.stm32cube.ide.mcu.externaltools.gnu-tools-for-stm32.12.3.rel1.win32_1.0.200.202406191623/tools/bin/../lib/gcc/arm-none-eabi/12.3.1/../../../../arm-none-eabi/lib/thumb/v7e-m+fp/hard\libc_nano.a(libc_a-memchr.o)
                0x08100300                memchr
 .text          0x081003a0       0x10 C:/ST/STM32CubeIDE_1.15.1/STM32CubeIDE/plugins/com.st.stm32cube.ide.mcu.externaltools.gnu-tools-for-stm32.12.3.rel1.win32_1.0.200.202406191623/tools/bin/../lib/gcc/arm-none-eabi/12.3.1/../../../../arm-none-eabi/lib/thumb/v7e-m+fp/hard\libc_nano.a(libc_a-strlen.o)
                0x081003a0                strlen
 .text          0x081003b0      0x378 C:/ST/STM32CubeIDE_1.15.1/STM32CubeIDE/plugins/com.st.stm32cube.ide.mcu.externaltools.gnu-tools-for-stm32.12.3.rel1.win32_1.0.200.202406191623/tools/bin/../lib/gcc/arm-none-eabi/12.3.1/thumb/v7e-m+fp/hard\libgcc.a(_arm_addsubdf3.o)
                0x081003b0                __aeabi_drsub
                0x081003b8                __aeabi_dsub
                0x081003b8                __subdf3
                0x081003bc                __aeabi_dadd
                0x081003bc                __adddf3
                0x08100634                __floatunsidf
                0x08100634                __aeabi_ui2d
                0x08100654                __floatsidf
                0x08100654                __aeabi_i2d
                0x08100678                __aeabi_f2d
                0x08100678                __extendsfdf2
                0x081006bc                __floatundidf
                0x081006bc                __aeabi_ul2d
                0x081006cc                __floatdidf
                0x081006cc                __aeabi_l2d
 .text          0x08100728      0x424 C:/ST/STM32CubeIDE_1.15.1/STM32CubeIDE/plugins/com.st.stm32cube.ide.mcu.externaltools.gnu-tools-for-stm32.12.3.rel1.win32_1.0.200.202406191623/tools/bin/../lib/gcc/arm-none-eabi/12.3.1/thumb/v7e-m+fp/hard\libgcc.a(_arm_muldivdf3.o)
                0x08100728                __aeabi_dmul
                0x08100728                __muldf3
                0x0810097c                __divdf3
                0x0810097c                __aeabi_ddiv
 .text          0x08100b4c      0x110 C:/ST/STM32CubeIDE_1.15.1/STM32CubeIDE/plugins/com.st.stm32cube.ide.mcu.externaltools.gnu-tools-for-stm32.12.3.rel1.win32_1.0.200.202406191623/tools/bin/../lib/gcc/arm-none-eabi/12.3.1/thumb/v7e-m+fp/hard\libgcc.a(_arm_cmpdf2.o)
                0x08100b4c                __gtdf2
                0x08100b4c                __gedf2
                0x08100b54                __ltdf2
                0x08100b54                __ledf2
                0x08100b5c                __nedf2
                0x08100b5c                __eqdf2
                0x08100b5c                __cmpdf2
                0x08100bd8                __aeabi_cdrcmple
                0x08100be8                __aeabi_cdcmpeq
                0x08100be8                __aeabi_cdcmple
                0x08100bf8                __aeabi_dcmpeq
                0x08100c0c                __aeabi_dcmplt
                0x08100c20                __aeabi_dcmple
                0x08100c34                __aeabi_dcmpge
                0x08100c48                __aeabi_dcmpgt
 .text          0x08100c5c       0x2c C:/ST/STM32CubeIDE_1.15.1/STM32CubeIDE/plugins/com.st.stm32cube.ide.mcu.externaltools.gnu-tools-for-stm32.12.3.rel1.win32_1.0.200.202406191623/tools/bin/../lib/gcc/arm-none-eabi/12.3.1/thumb/v7e-m+fp/hard\libgcc.a(_arm_unorddf2.o)
                0x08100c5c                __unorddf2
                0x08100c5c                __aeabi_dcmpun
 .text          0x08100c88       0x50 C:/ST/STM32CubeIDE_1.15.1/STM32CubeIDE/plugins/com.st.stm32cube.ide.mcu.externaltools.gnu-tools-for-stm32.12.3.rel1.win32_1.0.200.202406191623/tools/bin/../lib/gcc/arm-none-eabi/12.3.1/thumb/v7e-m+fp/hard\libgcc.a(_arm_fixdfsi.o)
                0x08100c88                __aeabi_d2iz
                0x08100c88                __fixdfsi
 .text          0x08100cd8       0xa0 C:/ST/STM32CubeIDE_1.15.1/STM32CubeIDE/plugins/com.st.stm32cube.ide.mcu.externaltools.gnu-tools-for-stm32.12.3.rel1.win32_1.0.200.202406191623/tools/bin/../lib/gcc/arm-none-eabi/12.3.1/thumb/v7e-m+fp/hard\libgcc.a(_arm_truncdfsf2.o)
                0x08100cd8                __truncdfsf2
                0x08100cd8                __aeabi_d2f
 .text          0x08100d78       0x30 C:/ST/STM32CubeIDE_1.15.1/STM32CubeIDE/plugins/com.st.stm32cube.ide.mcu.externaltools.gnu-tools-for-stm32.12.3.rel1.win32_1.0.200.202406191623/tools/bin/../lib/gcc/arm-none-eabi/12.3.1/thumb/v7e-m+fp/hard\libgcc.a(_aeabi_uldivmod.o)
                0x08100d78                __aeabi_uldivmod
 .text          0x08100da8      0x2bc C:/ST/STM32CubeIDE_1.15.1/STM32CubeIDE/plugins/com.st.stm32cube.ide.mcu.externaltools.gnu-tools-for-stm32.12.3.rel1.win32_1.0.200.202406191623/tools/bin/../lib/gcc/arm-none-eabi/12.3.1/thumb/v7e-m+fp/hard\libgcc.a(_udivmoddi4.o)
                0x08100da8                __udivmoddi4
 .text          0x08101064        0x4 C:/ST/STM32CubeIDE_1.15.1/STM32CubeIDE/plugins/com.st.stm32cube.ide.mcu.externaltools.gnu-tools-for-stm32.12.3.rel1.win32_1.0.200.202406191623/tools/bin/../lib/gcc/arm-none-eabi/12.3.1/thumb/v7e-m+fp/hard\libgcc.a(_dvmd_tls.o)
                0x08101064                __aeabi_idiv0
                0x08101064                __aeabi_ldiv0
 *(.text*)
 .text.SystemInit
                0x08101068       0x30 ./Common/Src/system_stm32h7xx_dualcore_boot_cm4_cm7.o
                0x08101068                SystemInit
 .text.jsmn_alloc_token
                0x08101098       0x50 ./Core/BSP/JSMN/jsmn.o
 .text.jsmn_fill_token
                0x081010e8       0x34 ./Core/BSP/JSMN/jsmn.o
 .text.jsmn_parse_primitive
                0x0810111c      0x110 ./Core/BSP/JSMN/jsmn.o
 .text.jsmn_parse_string
                0x0810122c      0x1c8 ./Core/BSP/JSMN/jsmn.o
 .text.jsmn_parse
                0x081013f4      0x36c ./Core/BSP/JSMN/jsmn.o
                0x081013f4                jsmn_parse
 .text.jsmn_init
                0x08101760       0x28 ./Core/BSP/JSMN/jsmn.o
                0x08101760                jsmn_init
 .text.parse_and_print_json
                0x08101788      0x6bc ./Core/BSP/JSMN/jsmn.o
                0x08101788                parse_and_print_json
 *fill*         0x08101e44        0x4 
 .text.get_random_delta
                0x08101e48       0x6c ./Core/BSP/JSMN/jsmn.o
                0x08101e48                get_random_delta
 .text.activate_port
                0x08101eb4      0x15c ./Core/BSP/JSMN/jsmn.o
                0x08101eb4                activate_port
 .text.SCH_Initialize
                0x08102010       0x54 ./Core/BSP/Scheduler/scheduler.o
                0x08102010                SCH_Initialize
 .text.SCH_TIM_Start
                0x08102064       0x2c ./Core/BSP/Scheduler/scheduler.o
                0x08102064                SCH_TIM_Start
 .text.SCH_TIM_HasCompleted
                0x08102090       0x2c ./Core/BSP/Scheduler/scheduler.o
                0x08102090                SCH_TIM_HasCompleted
 .text.SCH_TASK_CreateTask
                0x081020bc       0x80 ./Core/BSP/Scheduler/scheduler.o
                0x081020bc                SCH_TASK_CreateTask
 .text.SCH_RunSystemTickTimer
                0x0810213c      0x128 ./Core/BSP/Scheduler/scheduler.o
                0x0810213c                SCH_RunSystemTickTimer
 .text.SCH_StartSchedular
                0x08102264        0xc ./Core/BSP/Scheduler/scheduler.o
                0x08102264                SCH_StartSchedular
 .text.SCH_HandleScheduledTask
                0x08102270       0xb4 ./Core/BSP/Scheduler/scheduler.o
                0x08102270                SCH_HandleScheduledTask
 .text.ringbuff_is_ready
                0x08102324       0x32 ./Core/BSP/System_IPC/ring_buffer.o
                0x08102324                ringbuff_is_ready
 .text.ringbuff_write
                0x08102356       0xf2 ./Core/BSP/System_IPC/ring_buffer.o
                0x08102356                ringbuff_write
 .text.ringbuff_get_free
                0x08102448       0x6e ./Core/BSP/System_IPC/ring_buffer.o
                0x08102448                ringbuff_get_free
 .text.ringbuff_get_full
                0x081024b6       0x6a ./Core/BSP/System_IPC/ring_buffer.o
                0x081024b6                ringbuff_get_full
 .text.ringbuff_get_linear_block_read_address
                0x08102520       0x38 ./Core/BSP/System_IPC/ring_buffer.o
                0x08102520                ringbuff_get_linear_block_read_address
 .text.ringbuff_get_linear_block_read_length
                0x08102558       0x66 ./Core/BSP/System_IPC/ring_buffer.o
                0x08102558                ringbuff_get_linear_block_read_length
 .text.ringbuff_skip
                0x081025be       0x82 ./Core/BSP/System_IPC/ring_buffer.o
                0x081025be                ringbuff_skip
 .text.__NVIC_SetPriority
                0x08102640       0x54 ./Core/BSP/Systick/systick.o
 .text.SysTick_Config
                0x08102694       0x44 ./Core/BSP/Systick/systick.o
 .text.systick_timer_start
                0x081026d8       0x20 ./Core/BSP/Systick/systick.o
                0x081026d8                systick_timer_start
 .text.systick_timer_init
                0x081026f8       0x24 ./Core/BSP/Systick/systick.o
                0x081026f8                systick_timer_init
 .text.LL_I2C_IsActiveFlag_TXE
                0x0810271c       0x26 ./Core/Peripherials/I2C/i2c_it.o
 .text.LL_I2C_IsActiveFlag_TXIS
                0x08102742       0x26 ./Core/Peripherials/I2C/i2c_it.o
 .text.LL_I2C_IsActiveFlag_RXNE
                0x08102768       0x26 ./Core/Peripherials/I2C/i2c_it.o
 .text.LL_I2C_IsActiveFlag_NACK
                0x0810278e       0x26 ./Core/Peripherials/I2C/i2c_it.o
 .text.LL_I2C_IsActiveFlag_STOP
                0x081027b4       0x26 ./Core/Peripherials/I2C/i2c_it.o
 .text.LL_I2C_IsActiveFlag_TC
                0x081027da       0x26 ./Core/Peripherials/I2C/i2c_it.o
 .text.LL_I2C_IsActiveFlag_BUSY
                0x08102800       0x28 ./Core/Peripherials/I2C/i2c_it.o
 .text.LL_I2C_ClearFlag_STOP
                0x08102828       0x20 ./Core/Peripherials/I2C/i2c_it.o
 .text.LL_I2C_AcknowledgeNextData
                0x08102848       0x26 ./Core/Peripherials/I2C/i2c_it.o
 *fill*         0x0810286e        0x2 
 .text.LL_I2C_HandleTransfer
                0x08102870       0x60 ./Core/Peripherials/I2C/i2c_it.o
 .text.LL_I2C_ReceiveData8
                0x081028d0       0x1a ./Core/Peripherials/I2C/i2c_it.o
 .text.LL_I2C_TransmitData8
                0x081028ea       0x1e ./Core/Peripherials/I2C/i2c_it.o
 .text.I2C_Write
                0x08102908      0x18c ./Core/Peripherials/I2C/i2c_it.o
                0x08102908                I2C_Write
 .text.I2C_Read_NOSTOP
                0x08102a94      0x1a8 ./Core/Peripherials/I2C/i2c_it.o
                0x08102a94                I2C_Read_NOSTOP
 .text.I2C_Read
                0x08102c3c      0x1a4 ./Core/Peripherials/I2C/i2c_it.o
                0x08102c3c                I2C_Read
 .text.MCP23017_RegForPin
                0x08102de0       0x2a ./Core/Peripherials/I2C_Expander/i2c_mcp23017.o
 .text.MCP23017_BitForPin
                0x08102e0a       0x1e ./Core/Peripherials/I2C_Expander/i2c_mcp23017.o
 .text.MCP23017_ReadRegister
                0x08102e28       0x30 ./Core/Peripherials/I2C_Expander/i2c_mcp23017.o
 .text.MCP23017_WriteRegister
                0x08102e58       0x34 ./Core/Peripherials/I2C_Expander/i2c_mcp23017.o
 .text.MCP23017_DigitalRead
                0x08102e8c       0x58 ./Core/Peripherials/I2C_Expander/i2c_mcp23017.o
                0x08102e8c                MCP23017_DigitalRead
 .text.MCP23017_DigitalWrite
                0x08102ee4       0x9e ./Core/Peripherials/I2C_Expander/i2c_mcp23017.o
                0x08102ee4                MCP23017_DigitalWrite
 .text.LL_SPI_IsActiveFlag_TXC
                0x08102f82       0x28 ./Core/Peripherials/SPI/spi.o
 .text.LL_SPI_IsActiveFlag_RXWNE
                0x08102faa       0x28 ./Core/Peripherials/SPI/spi.o
 .text.LL_SPI_ReceiveData8
                0x08102fd2       0x1c ./Core/Peripherials/SPI/spi.o
 .text.LL_SPI_TransmitData8
                0x08102fee       0x20 ./Core/Peripherials/SPI/spi.o
 *fill*         0x0810300e        0x2 
 .text.SPI_LL_Transmit
                0x08103010       0x88 ./Core/Peripherials/SPI/spi.o
                0x08103010                SPI_LL_Transmit
 .text.SPI_LL_Write
                0x08103098       0x54 ./Core/Peripherials/SPI/spi.o
                0x08103098                SPI_LL_Write
 .text.LL_GPIO_SetOutputPin
                0x081030ec       0x1c ./Core/Peripherials/SPI_ADC/spi_ads8327.o
 .text.LL_GPIO_ResetOutputPin
                0x08103108       0x1e ./Core/Peripherials/SPI_ADC/spi_ads8327.o
 *fill*         0x08103126        0x2 
 .text.ADS8327_SPI_Select
                0x08103128       0x14 ./Core/Peripherials/SPI_ADC/spi_ads8327.o
 .text.ADS8327_SPI_Deselect
                0x0810313c       0x14 ./Core/Peripherials/SPI_ADC/spi_ads8327.o
 .text.ADS8327_Read
                0x08103150       0xfc ./Core/Peripherials/SPI_ADC/spi_ads8327.o
                0x08103150                ADS8327_Read
 .text.__NVIC_GetPriorityGrouping
                0x0810324c       0x1c ./Core/Src/main.o
 .text.__NVIC_EnableIRQ
                0x08103268       0x3c ./Core/Src/main.o
 .text.__NVIC_SetPriority
                0x081032a4       0x54 ./Core/Src/main.o
 .text.NVIC_EncodePriority
                0x081032f8       0x66 ./Core/Src/main.o
 .text.LL_I2C_Enable
                0x0810335e       0x20 ./Core/Src/main.o
 .text.LL_I2C_Disable
                0x0810337e       0x20 ./Core/Src/main.o
 .text.LL_I2C_EnableClockStretching
                0x0810339e       0x20 ./Core/Src/main.o
 .text.LL_I2C_DisableGeneralCall
                0x081033be       0x20 ./Core/Src/main.o
 .text.LL_I2C_SetOwnAddress2
                0x081033de       0x30 ./Core/Src/main.o
 .text.LL_I2C_DisableOwnAddress2
                0x0810340e       0x20 ./Core/Src/main.o
 .text.LL_I2C_EnableAutoEndMode
                0x0810342e       0x20 ./Core/Src/main.o
 *fill*         0x0810344e        0x2 
 .text.LL_RCC_SetClockSource
                0x08103450       0x54 ./Core/Src/main.o
 .text.LL_RCC_SetUSARTClockSource
                0x081034a4       0x16 ./Core/Src/main.o
 .text.LL_RCC_SetI2CClockSource
                0x081034ba       0x16 ./Core/Src/main.o
 .text.LL_RCC_SetSPIClockSource
                0x081034d0       0x16 ./Core/Src/main.o
 *fill*         0x081034e6        0x2 
 .text.LL_AHB4_GRP1_EnableClock
                0x081034e8       0x38 ./Core/Src/main.o
 .text.LL_APB1_GRP1_EnableClock
                0x08103520       0x38 ./Core/Src/main.o
 .text.LL_APB4_GRP1_EnableClock
                0x08103558       0x38 ./Core/Src/main.o
 .text.LL_MPU_Enable
                0x08103590       0x30 ./Core/Src/main.o
 .text.LL_MPU_Disable
                0x081035c0       0x20 ./Core/Src/main.o
 .text.LL_SPI_Enable
                0x081035e0       0x20 ./Core/Src/main.o
 .text.LL_SPI_StartMasterTransfer
                0x08103600       0x20 ./Core/Src/main.o
 .text.LL_SPI_SetStandard
                0x08103620       0x26 ./Core/Src/main.o
 .text.LL_SPI_SetFIFOThreshold
                0x08103646       0x26 ./Core/Src/main.o
 .text.LL_SPI_EnableNSSPulseMgt
                0x0810366c       0x20 ./Core/Src/main.o
 .text.LL_USART_Enable
                0x0810368c       0x20 ./Core/Src/main.o
 .text.LL_USART_DisableFIFO
                0x081036ac       0x20 ./Core/Src/main.o
 .text.LL_USART_SetTXFIFOThreshold
                0x081036cc       0x4e ./Core/Src/main.o
 .text.LL_USART_SetRXFIFOThreshold
                0x0810371a       0x4e ./Core/Src/main.o
 .text.LL_USART_ConfigAsyncMode
                0x08103768       0x2c ./Core/Src/main.o
 .text.LL_USART_IsActiveFlag_TEACK
                0x08103794       0x28 ./Core/Src/main.o
 .text.LL_USART_IsActiveFlag_REACK
                0x081037bc       0x28 ./Core/Src/main.o
 .text.LL_GPIO_SetOutputPin
                0x081037e4       0x1c ./Core/Src/main.o
 .text.LL_GPIO_ResetOutputPin
                0x08103800       0x1e ./Core/Src/main.o
 *fill*         0x0810381e        0x2 
 .text.I2C4_ReInit
                0x08103820       0x18 ./Core/Src/main.o
                0x08103820                I2C4_ReInit
 .text.main     0x08103838      0x1b8 ./Core/Src/main.o
                0x08103838                main
 .text.MX_I2C1_Init
                0x081039f0       0xc8 ./Core/Src/main.o
 .text.MX_I2C4_Init
                0x08103ab8       0xc8 ./Core/Src/main.o
 .text.MX_SPI6_Init
                0x08103b80       0xcc ./Core/Src/main.o
 .text.MX_UART7_Init
                0x08103c4c      0x100 ./Core/Src/main.o
 .text.MX_USART1_UART_Init
                0x08103d4c       0x98 ./Core/Src/main.o
 .text.MX_GPIO_Init
                0x08103de4      0x120 ./Core/Src/main.o
 .text.__io_putchar
                0x08103f04       0x24 ./Core/Src/main.o
                0x08103f04                __io_putchar
 .text.MPU_Config
                0x08103f28       0x12 ./Core/Src/main.o
 *fill*         0x08103f3a        0x2 
 .text.Error_Handler
                0x08103f3c       0x14 ./Core/Src/main.o
                0x08103f3c                Error_Handler
 .text.LL_RCC_SetClockSource
                0x08103f50       0x54 ./Core/Src/stm32h7xx_hal_msp.o
 .text.LL_RCC_SetUSARTClockSource
                0x08103fa4       0x16 ./Core/Src/stm32h7xx_hal_msp.o
 *fill*         0x08103fba        0x2 
 .text.HAL_MspInit
                0x08103fbc       0x34 ./Core/Src/stm32h7xx_hal_msp.o
                0x08103fbc                HAL_MspInit
 .text.HAL_UART_MspInit
                0x08103ff0       0xa0 ./Core/Src/stm32h7xx_hal_msp.o
                0x08103ff0                HAL_UART_MspInit
 .text.NMI_Handler
                0x08104090        0x8 ./Core/Src/stm32h7xx_it.o
                0x08104090                NMI_Handler
 .text.HardFault_Handler
                0x08104098        0x8 ./Core/Src/stm32h7xx_it.o
                0x08104098                HardFault_Handler
 .text.MemManage_Handler
                0x081040a0        0x8 ./Core/Src/stm32h7xx_it.o
                0x081040a0                MemManage_Handler
 .text.BusFault_Handler
                0x081040a8        0x8 ./Core/Src/stm32h7xx_it.o
                0x081040a8                BusFault_Handler
 .text.UsageFault_Handler
                0x081040b0        0x8 ./Core/Src/stm32h7xx_it.o
                0x081040b0                UsageFault_Handler
 .text.SVC_Handler
                0x081040b8        0xe ./Core/Src/stm32h7xx_it.o
                0x081040b8                SVC_Handler
 .text.DebugMon_Handler
                0x081040c6        0xe ./Core/Src/stm32h7xx_it.o
                0x081040c6                DebugMon_Handler
 .text.PendSV_Handler
                0x081040d4        0xe ./Core/Src/stm32h7xx_it.o
                0x081040d4                PendSV_Handler
 .text.SysTick_Handler
                0x081040e2       0x10 ./Core/Src/stm32h7xx_it.o
                0x081040e2                SysTick_Handler
 .text.UART7_IRQHandler
                0x081040f2        0xe ./Core/Src/stm32h7xx_it.o
                0x081040f2                UART7_IRQHandler
 .text._getpid  0x08104100       0x10 ./Core/Src/syscalls.o
                0x08104100                _getpid
 .text._kill    0x08104110       0x20 ./Core/Src/syscalls.o
                0x08104110                _kill
 .text._exit    0x08104130       0x16 ./Core/Src/syscalls.o
                0x08104130                _exit
 .text._read    0x08104146       0x3a ./Core/Src/syscalls.o
                0x08104146                _read
 .text._write   0x08104180       0x38 ./Core/Src/syscalls.o
                0x08104180                _write
 .text._close   0x081041b8       0x18 ./Core/Src/syscalls.o
                0x081041b8                _close
 .text._fstat   0x081041d0       0x20 ./Core/Src/syscalls.o
                0x081041d0                _fstat
 .text._isatty  0x081041f0       0x16 ./Core/Src/syscalls.o
                0x081041f0                _isatty
 .text._lseek   0x08104206       0x1a ./Core/Src/syscalls.o
                0x08104206                _lseek
 .text._sbrk    0x08104220       0x6c ./Core/Src/sysmem.o
                0x08104220                _sbrk
 .text.Reset_Handler
                0x0810428c       0x50 ./Core/Startup/startup_stm32h745zitx.o
                0x0810428c                Reset_Handler
 .text.Default_Handler
                0x081042dc        0x2 ./Core/Startup/startup_stm32h745zitx.o
                0x081042dc                RTC_Alarm_IRQHandler
                0x081042dc                EXTI2_IRQHandler
                0x081042dc                TIM8_CC_IRQHandler
                0x081042dc                HRTIM1_Master_IRQHandler
                0x081042dc                UART8_IRQHandler
                0x081042dc                SPI4_IRQHandler
                0x081042dc                TIM1_CC_IRQHandler
                0x081042dc                BDMA_Channel6_IRQHandler
                0x081042dc                DMA2_Stream5_IRQHandler
                0x081042dc                HRTIM1_FLT_IRQHandler
                0x081042dc                JPEG_IRQHandler
                0x081042dc                DMA1_Stream5_IRQHandler
                0x081042dc                BDMA_Channel1_IRQHandler
                0x081042dc                HRTIM1_TIMD_IRQHandler
                0x081042dc                TAMP_STAMP_IRQHandler
                0x081042dc                EXTI3_IRQHandler
                0x081042dc                LPTIM4_IRQHandler
                0x081042dc                TIM8_TRG_COM_TIM14_IRQHandler
                0x081042dc                LPTIM2_IRQHandler
                0x081042dc                DFSDM1_FLT1_IRQHandler
                0x081042dc                DMAMUX2_OVR_IRQHandler
                0x081042dc                TIM8_UP_TIM13_IRQHandler
                0x081042dc                I2C3_ER_IRQHandler
                0x081042dc                DFSDM1_FLT2_IRQHandler
                0x081042dc                MDMA_IRQHandler
                0x081042dc                LPTIM3_IRQHandler
                0x081042dc                HSEM1_IRQHandler
                0x081042dc                EXTI0_IRQHandler
                0x081042dc                I2C2_EV_IRQHandler
                0x081042dc                DMA1_Stream2_IRQHandler
                0x081042dc                FPU_IRQHandler
                0x081042dc                OTG_HS_WKUP_IRQHandler
                0x081042dc                FDCAN1_IT1_IRQHandler
                0x081042dc                LTDC_ER_IRQHandler
                0x081042dc                DMA2_Stream2_IRQHandler
                0x081042dc                HRTIM1_TIME_IRQHandler
                0x081042dc                SPI1_IRQHandler
                0x081042dc                TIM6_DAC_IRQHandler
                0x081042dc                DCMI_IRQHandler
                0x081042dc                HRTIM1_TIMC_IRQHandler
                0x081042dc                DMA2_Stream3_IRQHandler
                0x081042dc                SAI2_IRQHandler
                0x081042dc                DFSDM1_FLT3_IRQHandler
                0x081042dc                USART6_IRQHandler
                0x081042dc                TIM17_IRQHandler
                0x081042dc                USART3_IRQHandler
                0x081042dc                BDMA_Channel7_IRQHandler
                0x081042dc                LPTIM5_IRQHandler
                0x081042dc                UART5_IRQHandler
                0x081042dc                ADC3_IRQHandler
                0x081042dc                DMA2_Stream0_IRQHandler
                0x081042dc                TIM4_IRQHandler
                0x081042dc                BDMA_Channel2_IRQHandler
                0x081042dc                QUADSPI_IRQHandler
                0x081042dc                I2C1_EV_IRQHandler
                0x081042dc                DMA1_Stream6_IRQHandler
                0x081042dc                DMAMUX1_OVR_IRQHandler
                0x081042dc                DMA1_Stream1_IRQHandler
                0x081042dc                TIM16_IRQHandler
                0x081042dc                UART4_IRQHandler
                0x081042dc                BDMA_Channel5_IRQHandler
                0x081042dc                TIM3_IRQHandler
                0x081042dc                RCC_IRQHandler
                0x081042dc                TIM8_BRK_TIM12_IRQHandler
                0x081042dc                TIM1_TRG_COM_IRQHandler
                0x081042dc                Default_Handler
                0x081042dc                ECC_IRQHandler
                0x081042dc                CEC_IRQHandler
                0x081042dc                EXTI15_10_IRQHandler
                0x081042dc                BDMA_Channel0_IRQHandler
                0x081042dc                ADC_IRQHandler
                0x081042dc                DMA1_Stream7_IRQHandler
                0x081042dc                HRTIM1_TIMA_IRQHandler
                0x081042dc                SPI5_IRQHandler
                0x081042dc                TIM7_IRQHandler
                0x081042dc                SDMMC1_IRQHandler
                0x081042dc                TIM5_IRQHandler
                0x081042dc                DMA2_Stream7_IRQHandler
                0x081042dc                TIM15_IRQHandler
                0x081042dc                PVD_AVD_IRQHandler
                0x081042dc                I2C3_EV_IRQHandler
                0x081042dc                EXTI9_5_IRQHandler
                0x081042dc                RTC_WKUP_IRQHandler
                0x081042dc                LTDC_IRQHandler
                0x081042dc                SAI3_IRQHandler
                0x081042dc                ETH_WKUP_IRQHandler
                0x081042dc                SPDIF_RX_IRQHandler
                0x081042dc                SPI2_IRQHandler
                0x081042dc                OTG_HS_EP1_IN_IRQHandler
                0x081042dc                DMA1_Stream0_IRQHandler
                0x081042dc                CRS_IRQHandler
                0x081042dc                CM7_SEV_IRQHandler
                0x081042dc                EXTI4_IRQHandler
                0x081042dc                RNG_IRQHandler
                0x081042dc                CM4_SEV_IRQHandler
                0x081042dc                HRTIM1_TIMB_IRQHandler
                0x081042dc                FDCAN2_IT1_IRQHandler
                0x081042dc                ETH_IRQHandler
                0x081042dc                TIM1_UP_IRQHandler
                0x081042dc                WWDG_RST_IRQHandler
                0x081042dc                BDMA_Channel4_IRQHandler
                0x081042dc                OTG_HS_EP1_OUT_IRQHandler
                0x081042dc                WWDG_IRQHandler
                0x081042dc                SPI6_IRQHandler
                0x081042dc                MDIOS_IRQHandler
                0x081042dc                I2C4_EV_IRQHandler
                0x081042dc                FDCAN2_IT0_IRQHandler
                0x081042dc                LPUART1_IRQHandler
                0x081042dc                FDCAN1_IT0_IRQHandler
                0x081042dc                TIM2_IRQHandler
                0x081042dc                OTG_FS_WKUP_IRQHandler
                0x081042dc                OTG_HS_IRQHandler
                0x081042dc                HSEM2_IRQHandler
                0x081042dc                DMA2D_IRQHandler
                0x081042dc                TIM1_BRK_IRQHandler
                0x081042dc                EXTI1_IRQHandler
                0x081042dc                SDMMC2_IRQHandler
                0x081042dc                OTG_FS_EP1_OUT_IRQHandler
                0x081042dc                BDMA_Channel3_IRQHandler
                0x081042dc                HOLD_CORE_IRQHandler
                0x081042dc                MDIOS_WKUP_IRQHandler
                0x081042dc                USART2_IRQHandler
                0x081042dc                DFSDM1_FLT0_IRQHandler
                0x081042dc                SAI4_IRQHandler
                0x081042dc                I2C2_ER_IRQHandler
                0x081042dc                DMA2_Stream1_IRQHandler
                0x081042dc                FLASH_IRQHandler
                0x081042dc                DMA2_Stream4_IRQHandler
                0x081042dc                USART1_IRQHandler
                0x081042dc                OTG_FS_IRQHandler
                0x081042dc                SPI3_IRQHandler
                0x081042dc                WAKEUP_PIN_IRQHandler
                0x081042dc                DMA1_Stream4_IRQHandler
                0x081042dc                OTG_FS_EP1_IN_IRQHandler
                0x081042dc                I2C1_ER_IRQHandler
                0x081042dc                FMC_IRQHandler
                0x081042dc                FDCAN_CAL_IRQHandler
                0x081042dc                SWPMI1_IRQHandler
                0x081042dc                COMP1_IRQHandler
                0x081042dc                LPTIM1_IRQHandler
                0x081042dc                I2C4_ER_IRQHandler
                0x081042dc                DMA2_Stream6_IRQHandler
                0x081042dc                SAI1_IRQHandler
                0x081042dc                DMA1_Stream3_IRQHandler
 .text.status_led_off
                0x081042de        0xe ./Core/Task/blink_led_debug/blink_led_debug.o
 .text.status_led_on
                0x081042ec        0xe ./Core/Task/blink_led_debug/blink_led_debug.o
 *fill*         0x081042fa        0x2 
 .text.status_led_update
                0x081042fc       0x40 ./Core/Task/blink_led_debug/blink_led_debug.o
                0x081042fc                status_led_update
 .text.status_led_powerup
                0x0810433c       0x74 ./Core/Task/blink_led_debug/blink_led_debug.o
 .text.status_led_normal
                0x081043b0        0xe ./Core/Task/blink_led_debug/blink_led_debug.o
 *fill*         0x081043be        0x2 
 .text.status_led_create_task
                0x081043c0       0x34 ./Core/Task/blink_led_debug/blink_led_debug.o
                0x081043c0                status_led_create_task
 .text.DUALCORECMD_create_task
                0x081043f4       0x18 ./Core/Task/dualcore_cmd/dualcore_cmd.o
                0x081043f4                DUALCORECMD_create_task
 .text.DUALCORECMD_update_task
                0x0810440c       0xe4 ./Core/Task/dualcore_cmd/dualcore_cmd.o
 .text.LL_GPIO_SetOutputPin
                0x081044f0       0x1c ./Core/Task/pet_watchdog_m4/pet_watchdog_m4.o
 .text.LL_GPIO_ResetOutputPin
                0x0810450c       0x1e ./Core/Task/pet_watchdog_m4/pet_watchdog_m4.o
 *fill*         0x0810452a        0x2 
 .text.Watchdog_M4_create_task
                0x0810452c       0x18 ./Core/Task/pet_watchdog_m4/pet_watchdog_m4.o
                0x0810452c                Watchdog_M4_create_task
 .text.status_watchdog_update
                0x08104544       0x60 ./Core/Task/pet_watchdog_m4/pet_watchdog_m4.o
                0x08104544                status_watchdog_update
 .text.HAL_Init
                0x081045a4       0xbc ./Drivers/STM32H7xx_HAL_Driver/stm32h7xx_hal.o
                0x081045a4                HAL_Init
 .text.HAL_InitTick
                0x08104660       0x6c ./Drivers/STM32H7xx_HAL_Driver/stm32h7xx_hal.o
                0x08104660                HAL_InitTick
 .text.HAL_IncTick
                0x081046cc       0x28 ./Drivers/STM32H7xx_HAL_Driver/stm32h7xx_hal.o
                0x081046cc                HAL_IncTick
 .text.HAL_GetTick
                0x081046f4       0x18 ./Drivers/STM32H7xx_HAL_Driver/stm32h7xx_hal.o
                0x081046f4                HAL_GetTick
 .text.HAL_Delay
                0x0810470c       0x48 ./Drivers/STM32H7xx_HAL_Driver/stm32h7xx_hal.o
                0x0810470c                HAL_Delay
 .text.__NVIC_SetPriorityGrouping
                0x08104754       0x48 ./Drivers/STM32H7xx_HAL_Driver/stm32h7xx_hal_cortex.o
 .text.__NVIC_GetPriorityGrouping
                0x0810479c       0x1c ./Drivers/STM32H7xx_HAL_Driver/stm32h7xx_hal_cortex.o
 .text.__NVIC_SetPriority
                0x081047b8       0x54 ./Drivers/STM32H7xx_HAL_Driver/stm32h7xx_hal_cortex.o
 .text.NVIC_EncodePriority
                0x0810480c       0x66 ./Drivers/STM32H7xx_HAL_Driver/stm32h7xx_hal_cortex.o
 *fill*         0x08104872        0x2 
 .text.SysTick_Config
                0x08104874       0x44 ./Drivers/STM32H7xx_HAL_Driver/stm32h7xx_hal_cortex.o
 .text.HAL_NVIC_SetPriorityGrouping
                0x081048b8       0x16 ./Drivers/STM32H7xx_HAL_Driver/stm32h7xx_hal_cortex.o
                0x081048b8                HAL_NVIC_SetPriorityGrouping
 .text.HAL_NVIC_SetPriority
                0x081048ce       0x34 ./Drivers/STM32H7xx_HAL_Driver/stm32h7xx_hal_cortex.o
                0x081048ce                HAL_NVIC_SetPriority
 .text.HAL_SYSTICK_Config
                0x08104902       0x18 ./Drivers/STM32H7xx_HAL_Driver/stm32h7xx_hal_cortex.o
                0x08104902                HAL_SYSTICK_Config
 *fill*         0x0810491a        0x2 
 .text.HAL_GetCurrentCPUID
                0x0810491c       0x28 ./Drivers/STM32H7xx_HAL_Driver/stm32h7xx_hal_cortex.o
                0x0810491c                HAL_GetCurrentCPUID
 .text.HAL_GPIO_Init
                0x08104944      0x360 ./Drivers/STM32H7xx_HAL_Driver/stm32h7xx_hal_gpio.o
                0x08104944                HAL_GPIO_Init
 .text.HAL_HSEM_ActivateNotification
                0x08104ca4       0x24 ./Drivers/STM32H7xx_HAL_Driver/stm32h7xx_hal_hsem.o
                0x08104ca4                HAL_HSEM_ActivateNotification
 .text.HAL_PWREx_EnterSTOPMode
                0x08104cc8       0xf4 ./Drivers/STM32H7xx_HAL_Driver/stm32h7xx_hal_pwr_ex.o
                0x08104cc8                HAL_PWREx_EnterSTOPMode
 .text.HAL_PWREx_ClearPendingEvent
                0x08104dbc       0x1a ./Drivers/STM32H7xx_HAL_Driver/stm32h7xx_hal_pwr_ex.o
                0x08104dbc                HAL_PWREx_ClearPendingEvent
 *fill*         0x08104dd6        0x2 
 .text.HAL_RCC_GetSysClockFreq
                0x08104dd8      0x2f4 ./Drivers/STM32H7xx_HAL_Driver/stm32h7xx_hal_rcc.o
                0x08104dd8                HAL_RCC_GetSysClockFreq
 .text.HAL_RCC_GetHCLKFreq
                0x081050cc       0x64 ./Drivers/STM32H7xx_HAL_Driver/stm32h7xx_hal_rcc.o
                0x081050cc                HAL_RCC_GetHCLKFreq
 .text.HAL_RCC_GetPCLK1Freq
                0x08105130       0x2c ./Drivers/STM32H7xx_HAL_Driver/stm32h7xx_hal_rcc.o
                0x08105130                HAL_RCC_GetPCLK1Freq
 .text.HAL_RCC_GetPCLK2Freq
                0x0810515c       0x2c ./Drivers/STM32H7xx_HAL_Driver/stm32h7xx_hal_rcc.o
                0x0810515c                HAL_RCC_GetPCLK2Freq
 .text.HAL_RCCEx_GetD3PCLK1Freq
                0x08105188       0x2c ./Drivers/STM32H7xx_HAL_Driver/stm32h7xx_hal_rcc_ex.o
                0x08105188                HAL_RCCEx_GetD3PCLK1Freq
 .text.HAL_RCCEx_GetPLL2ClockFreq
                0x081051b4      0x2a8 ./Drivers/STM32H7xx_HAL_Driver/stm32h7xx_hal_rcc_ex.o
                0x081051b4                HAL_RCCEx_GetPLL2ClockFreq
 .text.HAL_RCCEx_GetPLL3ClockFreq
                0x0810545c      0x2a8 ./Drivers/STM32H7xx_HAL_Driver/stm32h7xx_hal_rcc_ex.o
                0x0810545c                HAL_RCCEx_GetPLL3ClockFreq
 .text.HAL_UART_Init
                0x08105704       0xa0 ./Drivers/STM32H7xx_HAL_Driver/stm32h7xx_hal_uart.o
                0x08105704                HAL_UART_Init
 .text.HAL_UART_Transmit
                0x081057a4      0x11c ./Drivers/STM32H7xx_HAL_Driver/stm32h7xx_hal_uart.o
                0x081057a4                HAL_UART_Transmit
 .text.UART_SetConfig
                0x081058c0      0xad0 ./Drivers/STM32H7xx_HAL_Driver/stm32h7xx_hal_uart.o
                0x081058c0                UART_SetConfig
 .text.UART_AdvFeatureConfig
                0x08106390      0x144 ./Drivers/STM32H7xx_HAL_Driver/stm32h7xx_hal_uart.o
                0x08106390                UART_AdvFeatureConfig
 .text.UART_CheckIdleState
                0x081064d4      0x154 ./Drivers/STM32H7xx_HAL_Driver/stm32h7xx_hal_uart.o
                0x081064d4                UART_CheckIdleState
 .text.UART_WaitOnFlagUntilTimeout
                0x08106628       0xda ./Drivers/STM32H7xx_HAL_Driver/stm32h7xx_hal_uart.o
                0x08106628                UART_WaitOnFlagUntilTimeout
 .text.UART_EndRxTransfer
                0x08106702       0xcc ./Drivers/STM32H7xx_HAL_Driver/stm32h7xx_hal_uart.o
 .text.HAL_UARTEx_DisableFifoMode
                0x081067ce       0x72 ./Drivers/STM32H7xx_HAL_Driver/stm32h7xx_hal_uart_ex.o
                0x081067ce                HAL_UARTEx_DisableFifoMode
 .text.HAL_UARTEx_SetTxFifoThreshold
                0x08106840       0x7c ./Drivers/STM32H7xx_HAL_Driver/stm32h7xx_hal_uart_ex.o
                0x08106840                HAL_UARTEx_SetTxFifoThreshold
 .text.HAL_UARTEx_SetRxFifoThreshold
                0x081068bc       0x7c ./Drivers/STM32H7xx_HAL_Driver/stm32h7xx_hal_uart_ex.o
                0x081068bc                HAL_UARTEx_SetRxFifoThreshold
 .text.UARTEx_SetNbDataToProcess
                0x08106938       0x9c ./Drivers/STM32H7xx_HAL_Driver/stm32h7xx_hal_uart_ex.o
 .text.LL_GPIO_SetPinMode
                0x081069d4       0x40 ./Drivers/STM32H7xx_HAL_Driver/stm32h7xx_ll_gpio.o
 .text.LL_GPIO_SetPinOutputType
                0x08106a14       0x30 ./Drivers/STM32H7xx_HAL_Driver/stm32h7xx_ll_gpio.o
 .text.LL_GPIO_SetPinSpeed
                0x08106a44       0x40 ./Drivers/STM32H7xx_HAL_Driver/stm32h7xx_ll_gpio.o
 .text.LL_GPIO_SetPinPull
                0x08106a84       0x40 ./Drivers/STM32H7xx_HAL_Driver/stm32h7xx_ll_gpio.o
 .text.LL_GPIO_SetAFPin_0_7
                0x08106ac4       0x58 ./Drivers/STM32H7xx_HAL_Driver/stm32h7xx_ll_gpio.o
 .text.LL_GPIO_SetAFPin_8_15
                0x08106b1c       0x6c ./Drivers/STM32H7xx_HAL_Driver/stm32h7xx_ll_gpio.o
 .text.LL_GPIO_Init
                0x08106b88       0xdc ./Drivers/STM32H7xx_HAL_Driver/stm32h7xx_ll_gpio.o
                0x08106b88                LL_GPIO_Init
 .text.LL_I2C_Enable
                0x08106c64       0x20 ./Drivers/STM32H7xx_HAL_Driver/stm32h7xx_ll_i2c.o
 .text.LL_I2C_Disable
                0x08106c84       0x20 ./Drivers/STM32H7xx_HAL_Driver/stm32h7xx_ll_i2c.o
 .text.LL_I2C_ConfigFilters
                0x08106ca4       0x2e ./Drivers/STM32H7xx_HAL_Driver/stm32h7xx_ll_i2c.o
 .text.LL_I2C_SetOwnAddress1
                0x08106cd2       0x30 ./Drivers/STM32H7xx_HAL_Driver/stm32h7xx_ll_i2c.o
 .text.LL_I2C_EnableOwnAddress1
                0x08106d02       0x20 ./Drivers/STM32H7xx_HAL_Driver/stm32h7xx_ll_i2c.o
 .text.LL_I2C_DisableOwnAddress1
                0x08106d22       0x20 ./Drivers/STM32H7xx_HAL_Driver/stm32h7xx_ll_i2c.o
 .text.LL_I2C_SetTiming
                0x08106d42       0x1c ./Drivers/STM32H7xx_HAL_Driver/stm32h7xx_ll_i2c.o
 .text.LL_I2C_SetMode
                0x08106d5e       0x26 ./Drivers/STM32H7xx_HAL_Driver/stm32h7xx_ll_i2c.o
 .text.LL_I2C_AcknowledgeNextData
                0x08106d84       0x26 ./Drivers/STM32H7xx_HAL_Driver/stm32h7xx_ll_i2c.o
 .text.LL_I2C_Init
                0x08106daa       0x78 ./Drivers/STM32H7xx_HAL_Driver/stm32h7xx_ll_i2c.o
                0x08106daa                LL_I2C_Init
 *fill*         0x08106e22        0x2 
 .text.LL_RCC_HSE_IsReady
                0x08106e24       0x28 ./Drivers/STM32H7xx_HAL_Driver/stm32h7xx_ll_rcc.o
 .text.LL_RCC_HSI_IsReady
                0x08106e4c       0x24 ./Drivers/STM32H7xx_HAL_Driver/stm32h7xx_ll_rcc.o
 .text.LL_RCC_HSI_GetDivider
                0x08106e70       0x1c ./Drivers/STM32H7xx_HAL_Driver/stm32h7xx_ll_rcc.o
 .text.LL_RCC_CSI_IsReady
                0x08106e8c       0x28 ./Drivers/STM32H7xx_HAL_Driver/stm32h7xx_ll_rcc.o
 .text.LL_RCC_LSE_IsReady
                0x08106eb4       0x24 ./Drivers/STM32H7xx_HAL_Driver/stm32h7xx_ll_rcc.o
 .text.LL_RCC_GetSysClkSource
                0x08106ed8       0x1c ./Drivers/STM32H7xx_HAL_Driver/stm32h7xx_ll_rcc.o
 .text.LL_RCC_GetSysPrescaler
                0x08106ef4       0x1c ./Drivers/STM32H7xx_HAL_Driver/stm32h7xx_ll_rcc.o
 .text.LL_RCC_GetAHBPrescaler
                0x08106f10       0x1c ./Drivers/STM32H7xx_HAL_Driver/stm32h7xx_ll_rcc.o
 .text.LL_RCC_GetAPB1Prescaler
                0x08106f2c       0x1c ./Drivers/STM32H7xx_HAL_Driver/stm32h7xx_ll_rcc.o
 .text.LL_RCC_GetAPB2Prescaler
                0x08106f48       0x1c ./Drivers/STM32H7xx_HAL_Driver/stm32h7xx_ll_rcc.o
 .text.LL_RCC_GetClockSource
                0x08106f64       0x4c ./Drivers/STM32H7xx_HAL_Driver/stm32h7xx_ll_rcc.o
 .text.LL_RCC_GetUSARTClockSource
                0x08106fb0       0x18 ./Drivers/STM32H7xx_HAL_Driver/stm32h7xx_ll_rcc.o
 .text.LL_RCC_PLL_GetSource
                0x08106fc8       0x1c ./Drivers/STM32H7xx_HAL_Driver/stm32h7xx_ll_rcc.o
 .text.LL_RCC_PLL1P_IsEnabled
                0x08106fe4       0x28 ./Drivers/STM32H7xx_HAL_Driver/stm32h7xx_ll_rcc.o
 .text.LL_RCC_PLL1Q_IsEnabled
                0x0810700c       0x28 ./Drivers/STM32H7xx_HAL_Driver/stm32h7xx_ll_rcc.o
 .text.LL_RCC_PLL1R_IsEnabled
                0x08107034       0x28 ./Drivers/STM32H7xx_HAL_Driver/stm32h7xx_ll_rcc.o
 .text.LL_RCC_PLL1FRACN_IsEnabled
                0x0810705c       0x24 ./Drivers/STM32H7xx_HAL_Driver/stm32h7xx_ll_rcc.o
 .text.LL_RCC_PLL1_GetN
                0x08107080       0x1c ./Drivers/STM32H7xx_HAL_Driver/stm32h7xx_ll_rcc.o
 .text.LL_RCC_PLL1_GetM
                0x0810709c       0x1c ./Drivers/STM32H7xx_HAL_Driver/stm32h7xx_ll_rcc.o
 .text.LL_RCC_PLL1_GetP
                0x081070b8       0x20 ./Drivers/STM32H7xx_HAL_Driver/stm32h7xx_ll_rcc.o
 .text.LL_RCC_PLL1_GetQ
                0x081070d8       0x20 ./Drivers/STM32H7xx_HAL_Driver/stm32h7xx_ll_rcc.o
 .text.LL_RCC_PLL1_GetR
                0x081070f8       0x20 ./Drivers/STM32H7xx_HAL_Driver/stm32h7xx_ll_rcc.o
 .text.LL_RCC_PLL1_GetFRACN
                0x08107118       0x1c ./Drivers/STM32H7xx_HAL_Driver/stm32h7xx_ll_rcc.o
 .text.LL_RCC_PLL2_IsReady
                0x08107134       0x28 ./Drivers/STM32H7xx_HAL_Driver/stm32h7xx_ll_rcc.o
 .text.LL_RCC_PLL2P_IsEnabled
                0x0810715c       0x28 ./Drivers/STM32H7xx_HAL_Driver/stm32h7xx_ll_rcc.o
 .text.LL_RCC_PLL2Q_IsEnabled
                0x08107184       0x28 ./Drivers/STM32H7xx_HAL_Driver/stm32h7xx_ll_rcc.o
 .text.LL_RCC_PLL2R_IsEnabled
                0x081071ac       0x28 ./Drivers/STM32H7xx_HAL_Driver/stm32h7xx_ll_rcc.o
 .text.LL_RCC_PLL2FRACN_IsEnabled
                0x081071d4       0x24 ./Drivers/STM32H7xx_HAL_Driver/stm32h7xx_ll_rcc.o
 .text.LL_RCC_PLL2_GetN
                0x081071f8       0x1c ./Drivers/STM32H7xx_HAL_Driver/stm32h7xx_ll_rcc.o
 .text.LL_RCC_PLL2_GetM
                0x08107214       0x1c ./Drivers/STM32H7xx_HAL_Driver/stm32h7xx_ll_rcc.o
 .text.LL_RCC_PLL2_GetP
                0x08107230       0x20 ./Drivers/STM32H7xx_HAL_Driver/stm32h7xx_ll_rcc.o
 .text.LL_RCC_PLL2_GetQ
                0x08107250       0x20 ./Drivers/STM32H7xx_HAL_Driver/stm32h7xx_ll_rcc.o
 .text.LL_RCC_PLL2_GetR
                0x08107270       0x20 ./Drivers/STM32H7xx_HAL_Driver/stm32h7xx_ll_rcc.o
 .text.LL_RCC_PLL2_GetFRACN
                0x08107290       0x1c ./Drivers/STM32H7xx_HAL_Driver/stm32h7xx_ll_rcc.o
 .text.LL_RCC_PLL3_IsReady
                0x081072ac       0x28 ./Drivers/STM32H7xx_HAL_Driver/stm32h7xx_ll_rcc.o
 .text.LL_RCC_PLL3P_IsEnabled
                0x081072d4       0x28 ./Drivers/STM32H7xx_HAL_Driver/stm32h7xx_ll_rcc.o
 .text.LL_RCC_PLL3Q_IsEnabled
                0x081072fc       0x28 ./Drivers/STM32H7xx_HAL_Driver/stm32h7xx_ll_rcc.o
 .text.LL_RCC_PLL3R_IsEnabled
                0x08107324       0x28 ./Drivers/STM32H7xx_HAL_Driver/stm32h7xx_ll_rcc.o
 .text.LL_RCC_PLL3FRACN_IsEnabled
                0x0810734c       0x28 ./Drivers/STM32H7xx_HAL_Driver/stm32h7xx_ll_rcc.o
 .text.LL_RCC_PLL3_GetN
                0x08107374       0x1c ./Drivers/STM32H7xx_HAL_Driver/stm32h7xx_ll_rcc.o
 .text.LL_RCC_PLL3_GetM
                0x08107390       0x1c ./Drivers/STM32H7xx_HAL_Driver/stm32h7xx_ll_rcc.o
 .text.LL_RCC_PLL3_GetP
                0x081073ac       0x20 ./Drivers/STM32H7xx_HAL_Driver/stm32h7xx_ll_rcc.o
 .text.LL_RCC_PLL3_GetQ
                0x081073cc       0x20 ./Drivers/STM32H7xx_HAL_Driver/stm32h7xx_ll_rcc.o
 .text.LL_RCC_PLL3_GetR
                0x081073ec       0x20 ./Drivers/STM32H7xx_HAL_Driver/stm32h7xx_ll_rcc.o
 .text.LL_RCC_PLL3_GetFRACN
                0x0810740c       0x1c ./Drivers/STM32H7xx_HAL_Driver/stm32h7xx_ll_rcc.o
 .text.LL_RCC_GetPLL1ClockFreq
                0x08107428      0x130 ./Drivers/STM32H7xx_HAL_Driver/stm32h7xx_ll_rcc.o
                0x08107428                LL_RCC_GetPLL1ClockFreq
 .text.LL_RCC_GetPLL2ClockFreq
                0x08107558      0x130 ./Drivers/STM32H7xx_HAL_Driver/stm32h7xx_ll_rcc.o
                0x08107558                LL_RCC_GetPLL2ClockFreq
 .text.LL_RCC_GetPLL3ClockFreq
                0x08107688      0x134 ./Drivers/STM32H7xx_HAL_Driver/stm32h7xx_ll_rcc.o
                0x08107688                LL_RCC_GetPLL3ClockFreq
 .text.LL_RCC_CalcPLLClockFreq
                0x081077bc       0x80 ./Drivers/STM32H7xx_HAL_Driver/stm32h7xx_ll_rcc.o
                0x081077bc                LL_RCC_CalcPLLClockFreq
 .text.LL_RCC_GetUSARTClockFreq
                0x0810783c      0x1dc ./Drivers/STM32H7xx_HAL_Driver/stm32h7xx_ll_rcc.o
                0x0810783c                LL_RCC_GetUSARTClockFreq
 .text.RCC_GetSystemClockFreq
                0x08107a18       0xc4 ./Drivers/STM32H7xx_HAL_Driver/stm32h7xx_ll_rcc.o
 .text.RCC_GetHCLKClockFreq
                0x08107adc       0x2c ./Drivers/STM32H7xx_HAL_Driver/stm32h7xx_ll_rcc.o
 .text.RCC_GetPCLK1ClockFreq
                0x08107b08       0x30 ./Drivers/STM32H7xx_HAL_Driver/stm32h7xx_ll_rcc.o
 .text.RCC_GetPCLK2ClockFreq
                0x08107b38       0x30 ./Drivers/STM32H7xx_HAL_Driver/stm32h7xx_ll_rcc.o
 .text.LL_SPI_IsEnabled
                0x08107b68       0x26 ./Drivers/STM32H7xx_HAL_Driver/stm32h7xx_ll_spi.o
 .text.LL_SPI_SetInternalSSLevel
                0x08107b8e       0x26 ./Drivers/STM32H7xx_HAL_Driver/stm32h7xx_ll_spi.o
 .text.LL_SPI_GetNSSPolarity
                0x08107bb4       0x1c ./Drivers/STM32H7xx_HAL_Driver/stm32h7xx_ll_spi.o
 .text.LL_SPI_SetCRCPolynomial
                0x08107bd0       0x1c ./Drivers/STM32H7xx_HAL_Driver/stm32h7xx_ll_spi.o
 .text.LL_SPI_Init
                0x08107bec       0xfc ./Drivers/STM32H7xx_HAL_Driver/stm32h7xx_ll_spi.o
                0x08107bec                LL_SPI_Init
 .text.LL_USART_IsEnabled
                0x08107ce8       0x26 ./Drivers/STM32H7xx_HAL_Driver/stm32h7xx_ll_usart.o
 .text.LL_USART_SetPrescaler
                0x08107d0e       0x28 ./Drivers/STM32H7xx_HAL_Driver/stm32h7xx_ll_usart.o
 .text.LL_USART_SetStopBitsLength
                0x08107d36       0x26 ./Drivers/STM32H7xx_HAL_Driver/stm32h7xx_ll_usart.o
 .text.LL_USART_SetHWFlowCtrl
                0x08107d5c       0x26 ./Drivers/STM32H7xx_HAL_Driver/stm32h7xx_ll_usart.o
 *fill*         0x08107d82        0x2 
 .text.LL_USART_SetBaudRate
                0x08107d84       0xa0 ./Drivers/STM32H7xx_HAL_Driver/stm32h7xx_ll_usart.o
 .text.LL_USART_Init
                0x08107e24      0x154 ./Drivers/STM32H7xx_HAL_Driver/stm32h7xx_ll_usart.o
                0x08107e24                LL_USART_Init
 .text.atoi     0x08107f78        0x8 C:/ST/STM32CubeIDE_1.15.1/STM32CubeIDE/plugins/com.st.stm32cube.ide.mcu.externaltools.gnu-tools-for-stm32.12.3.rel1.win32_1.0.200.202406191623/tools/bin/../lib/gcc/arm-none-eabi/12.3.1/../../../../arm-none-eabi/lib/thumb/v7e-m+fp/hard\libc_nano.a(libc_a-atoi.o)
                0x08107f78                atoi
 .text.rand     0x08107f80       0x7c C:/ST/STM32CubeIDE_1.15.1/STM32CubeIDE/plugins/com.st.stm32cube.ide.mcu.externaltools.gnu-tools-for-stm32.12.3.rel1.win32_1.0.200.202406191623/tools/bin/../lib/gcc/arm-none-eabi/12.3.1/../../../../arm-none-eabi/lib/thumb/v7e-m+fp/hard\libc_nano.a(libc_a-rand.o)
                0x08107f80                rand
 .text._strtol_l.constprop.0
                0x08107ffc       0xf4 C:/ST/STM32CubeIDE_1.15.1/STM32CubeIDE/plugins/com.st.stm32cube.ide.mcu.externaltools.gnu-tools-for-stm32.12.3.rel1.win32_1.0.200.202406191623/tools/bin/../lib/gcc/arm-none-eabi/12.3.1/../../../../arm-none-eabi/lib/thumb/v7e-m+fp/hard\libc_nano.a(libc_a-strtol.o)
 .text.strtol   0x081080f0       0x14 C:/ST/STM32CubeIDE_1.15.1/STM32CubeIDE/plugins/com.st.stm32cube.ide.mcu.externaltools.gnu-tools-for-stm32.12.3.rel1.win32_1.0.200.202406191623/tools/bin/../lib/gcc/arm-none-eabi/12.3.1/../../../../arm-none-eabi/lib/thumb/v7e-m+fp/hard\libc_nano.a(libc_a-strtol.o)
                0x081080f0                strtol
 .text.__cvt    0x08108104       0xca C:/ST/STM32CubeIDE_1.15.1/STM32CubeIDE/plugins/com.st.stm32cube.ide.mcu.externaltools.gnu-tools-for-stm32.12.3.rel1.win32_1.0.200.202406191623/tools/bin/../lib/gcc/arm-none-eabi/12.3.1/../../../../arm-none-eabi/lib/thumb/v7e-m+fp/hard\libc_nano.a(libc_a-nano-vfprintf_float.o)
                0x08108104                __cvt
 .text.__exponent
                0x081081ce       0x74 C:/ST/STM32CubeIDE_1.15.1/STM32CubeIDE/plugins/com.st.stm32cube.ide.mcu.externaltools.gnu-tools-for-stm32.12.3.rel1.win32_1.0.200.202406191623/tools/bin/../lib/gcc/arm-none-eabi/12.3.1/../../../../arm-none-eabi/lib/thumb/v7e-m+fp/hard\libc_nano.a(libc_a-nano-vfprintf_float.o)
                0x081081ce                __exponent
 *fill*         0x08108242        0x2 
 .text._printf_float
                0x08108244      0x454 C:/ST/STM32CubeIDE_1.15.1/STM32CubeIDE/plugins/com.st.stm32cube.ide.mcu.externaltools.gnu-tools-for-stm32.12.3.rel1.win32_1.0.200.202406191623/tools/bin/../lib/gcc/arm-none-eabi/12.3.1/../../../../arm-none-eabi/lib/thumb/v7e-m+fp/hard\libc_nano.a(libc_a-nano-vfprintf_float.o)
                0x08108244                _printf_float
 .text._printf_common
                0x08108698       0xda C:/ST/STM32CubeIDE_1.15.1/STM32CubeIDE/plugins/com.st.stm32cube.ide.mcu.externaltools.gnu-tools-for-stm32.12.3.rel1.win32_1.0.200.202406191623/tools/bin/../lib/gcc/arm-none-eabi/12.3.1/../../../../arm-none-eabi/lib/thumb/v7e-m+fp/hard\libc_nano.a(libc_a-nano-vfprintf_i.o)
                0x08108698                _printf_common
 *fill*         0x08108772        0x2 
 .text._printf_i
                0x08108774      0x240 C:/ST/STM32CubeIDE_1.15.1/STM32CubeIDE/plugins/com.st.stm32cube.ide.mcu.externaltools.gnu-tools-for-stm32.12.3.rel1.win32_1.0.200.202406191623/tools/bin/../lib/gcc/arm-none-eabi/12.3.1/../../../../arm-none-eabi/lib/thumb/v7e-m+fp/hard\libc_nano.a(libc_a-nano-vfprintf_i.o)
                0x08108774                _printf_i
 .text.std      0x081089b4       0x6c C:/ST/STM32CubeIDE_1.15.1/STM32CubeIDE/plugins/com.st.stm32cube.ide.mcu.externaltools.gnu-tools-for-stm32.12.3.rel1.win32_1.0.200.202406191623/tools/bin/../lib/gcc/arm-none-eabi/12.3.1/../../../../arm-none-eabi/lib/thumb/v7e-m+fp/hard\libc_nano.a(libc_a-findfp.o)
 .text.stdio_exit_handler
                0x08108a20       0x18 C:/ST/STM32CubeIDE_1.15.1/STM32CubeIDE/plugins/com.st.stm32cube.ide.mcu.externaltools.gnu-tools-for-stm32.12.3.rel1.win32_1.0.200.202406191623/tools/bin/../lib/gcc/arm-none-eabi/12.3.1/../../../../arm-none-eabi/lib/thumb/v7e-m+fp/hard\libc_nano.a(libc_a-findfp.o)
 .text.cleanup_stdio
                0x08108a38       0x40 C:/ST/STM32CubeIDE_1.15.1/STM32CubeIDE/plugins/com.st.stm32cube.ide.mcu.externaltools.gnu-tools-for-stm32.12.3.rel1.win32_1.0.200.202406191623/tools/bin/../lib/gcc/arm-none-eabi/12.3.1/../../../../arm-none-eabi/lib/thumb/v7e-m+fp/hard\libc_nano.a(libc_a-findfp.o)
 .text.global_stdio_init.part.0
                0x08108a78       0x3c C:/ST/STM32CubeIDE_1.15.1/STM32CubeIDE/plugins/com.st.stm32cube.ide.mcu.externaltools.gnu-tools-for-stm32.12.3.rel1.win32_1.0.200.202406191623/tools/bin/../lib/gcc/arm-none-eabi/12.3.1/../../../../arm-none-eabi/lib/thumb/v7e-m+fp/hard\libc_nano.a(libc_a-findfp.o)
 .text.__sfp_lock_acquire
                0x08108ab4        0xc C:/ST/STM32CubeIDE_1.15.1/STM32CubeIDE/plugins/com.st.stm32cube.ide.mcu.externaltools.gnu-tools-for-stm32.12.3.rel1.win32_1.0.200.202406191623/tools/bin/../lib/gcc/arm-none-eabi/12.3.1/../../../../arm-none-eabi/lib/thumb/v7e-m+fp/hard\libc_nano.a(libc_a-findfp.o)
                0x08108ab4                __sfp_lock_acquire
 .text.__sfp_lock_release
                0x08108ac0        0xc C:/ST/STM32CubeIDE_1.15.1/STM32CubeIDE/plugins/com.st.stm32cube.ide.mcu.externaltools.gnu-tools-for-stm32.12.3.rel1.win32_1.0.200.202406191623/tools/bin/../lib/gcc/arm-none-eabi/12.3.1/../../../../arm-none-eabi/lib/thumb/v7e-m+fp/hard\libc_nano.a(libc_a-findfp.o)
                0x08108ac0                __sfp_lock_release
 .text.__sinit  0x08108acc       0x30 C:/ST/STM32CubeIDE_1.15.1/STM32CubeIDE/plugins/com.st.stm32cube.ide.mcu.externaltools.gnu-tools-for-stm32.12.3.rel1.win32_1.0.200.202406191623/tools/bin/../lib/gcc/arm-none-eabi/12.3.1/../../../../arm-none-eabi/lib/thumb/v7e-m+fp/hard\libc_nano.a(libc_a-findfp.o)
                0x08108acc                __sinit
 .text._fwalk_sglue
                0x08108afc       0x3c C:/ST/STM32CubeIDE_1.15.1/STM32CubeIDE/plugins/com.st.stm32cube.ide.mcu.externaltools.gnu-tools-for-stm32.12.3.rel1.win32_1.0.200.202406191623/tools/bin/../lib/gcc/arm-none-eabi/12.3.1/../../../../arm-none-eabi/lib/thumb/v7e-m+fp/hard\libc_nano.a(libc_a-fwalk.o)
                0x08108afc                _fwalk_sglue
 .text.printf   0x08108b38       0x24 C:/ST/STM32CubeIDE_1.15.1/STM32CubeIDE/plugins/com.st.stm32cube.ide.mcu.externaltools.gnu-tools-for-stm32.12.3.rel1.win32_1.0.200.202406191623/tools/bin/../lib/gcc/arm-none-eabi/12.3.1/../../../../arm-none-eabi/lib/thumb/v7e-m+fp/hard\libc_nano.a(libc_a-printf.o)
                0x08108b38                iprintf
                0x08108b38                printf
 .text._puts_r  0x08108b5c       0xaa C:/ST/STM32CubeIDE_1.15.1/STM32CubeIDE/plugins/com.st.stm32cube.ide.mcu.externaltools.gnu-tools-for-stm32.12.3.rel1.win32_1.0.200.202406191623/tools/bin/../lib/gcc/arm-none-eabi/12.3.1/../../../../arm-none-eabi/lib/thumb/v7e-m+fp/hard\libc_nano.a(libc_a-puts.o)
                0x08108b5c                _puts_r
 *fill*         0x08108c06        0x2 
 .text.puts     0x08108c08       0x10 C:/ST/STM32CubeIDE_1.15.1/STM32CubeIDE/plugins/com.st.stm32cube.ide.mcu.externaltools.gnu-tools-for-stm32.12.3.rel1.win32_1.0.200.202406191623/tools/bin/../lib/gcc/arm-none-eabi/12.3.1/../../../../arm-none-eabi/lib/thumb/v7e-m+fp/hard\libc_nano.a(libc_a-puts.o)
                0x08108c08                puts
 .text.snprintf
                0x08108c18       0x68 C:/ST/STM32CubeIDE_1.15.1/STM32CubeIDE/plugins/com.st.stm32cube.ide.mcu.externaltools.gnu-tools-for-stm32.12.3.rel1.win32_1.0.200.202406191623/tools/bin/../lib/gcc/arm-none-eabi/12.3.1/../../../../arm-none-eabi/lib/thumb/v7e-m+fp/hard\libc_nano.a(libc_a-snprintf.o)
                0x08108c18                sniprintf
                0x08108c18                snprintf
 .text.__sread  0x08108c80       0x22 C:/ST/STM32CubeIDE_1.15.1/STM32CubeIDE/plugins/com.st.stm32cube.ide.mcu.externaltools.gnu-tools-for-stm32.12.3.rel1.win32_1.0.200.202406191623/tools/bin/../lib/gcc/arm-none-eabi/12.3.1/../../../../arm-none-eabi/lib/thumb/v7e-m+fp/hard\libc_nano.a(libc_a-stdio.o)
                0x08108c80                __sread
 .text.__swrite
                0x08108ca2       0x38 C:/ST/STM32CubeIDE_1.15.1/STM32CubeIDE/plugins/com.st.stm32cube.ide.mcu.externaltools.gnu-tools-for-stm32.12.3.rel1.win32_1.0.200.202406191623/tools/bin/../lib/gcc/arm-none-eabi/12.3.1/../../../../arm-none-eabi/lib/thumb/v7e-m+fp/hard\libc_nano.a(libc_a-stdio.o)
                0x08108ca2                __swrite
 .text.__sseek  0x08108cda       0x24 C:/ST/STM32CubeIDE_1.15.1/STM32CubeIDE/plugins/com.st.stm32cube.ide.mcu.externaltools.gnu-tools-for-stm32.12.3.rel1.win32_1.0.200.202406191623/tools/bin/../lib/gcc/arm-none-eabi/12.3.1/../../../../arm-none-eabi/lib/thumb/v7e-m+fp/hard\libc_nano.a(libc_a-stdio.o)
                0x08108cda                __sseek
 .text.__sclose
                0x08108cfe        0x8 C:/ST/STM32CubeIDE_1.15.1/STM32CubeIDE/plugins/com.st.stm32cube.ide.mcu.externaltools.gnu-tools-for-stm32.12.3.rel1.win32_1.0.200.202406191623/tools/bin/../lib/gcc/arm-none-eabi/12.3.1/../../../../arm-none-eabi/lib/thumb/v7e-m+fp/hard\libc_nano.a(libc_a-stdio.o)
                0x08108cfe                __sclose
 .text.__swbuf_r
                0x08108d06       0x7c C:/ST/STM32CubeIDE_1.15.1/STM32CubeIDE/plugins/com.st.stm32cube.ide.mcu.externaltools.gnu-tools-for-stm32.12.3.rel1.win32_1.0.200.202406191623/tools/bin/../lib/gcc/arm-none-eabi/12.3.1/../../../../arm-none-eabi/lib/thumb/v7e-m+fp/hard\libc_nano.a(libc_a-wbuf.o)
                0x08108d06                __swbuf_r
 *fill*         0x08108d82        0x2 
 .text.__swsetup_r
                0x08108d84       0xac C:/ST/STM32CubeIDE_1.15.1/STM32CubeIDE/plugins/com.st.stm32cube.ide.mcu.externaltools.gnu-tools-for-stm32.12.3.rel1.win32_1.0.200.202406191623/tools/bin/../lib/gcc/arm-none-eabi/12.3.1/../../../../arm-none-eabi/lib/thumb/v7e-m+fp/hard\libc_nano.a(libc_a-wsetup.o)
                0x08108d84                __swsetup_r
 .text.memset   0x08108e30       0x10 C:/ST/STM32CubeIDE_1.15.1/STM32CubeIDE/plugins/com.st.stm32cube.ide.mcu.externaltools.gnu-tools-for-stm32.12.3.rel1.win32_1.0.200.202406191623/tools/bin/../lib/gcc/arm-none-eabi/12.3.1/../../../../arm-none-eabi/lib/thumb/v7e-m+fp/hard\libc_nano.a(libc_a-memset.o)
                0x08108e30                memset
 .text.strncpy  0x08108e40       0x26 C:/ST/STM32CubeIDE_1.15.1/STM32CubeIDE/plugins/com.st.stm32cube.ide.mcu.externaltools.gnu-tools-for-stm32.12.3.rel1.win32_1.0.200.202406191623/tools/bin/../lib/gcc/arm-none-eabi/12.3.1/../../../../arm-none-eabi/lib/thumb/v7e-m+fp/hard\libc_nano.a(libc_a-strncpy.o)
                0x08108e40                strncpy
 *fill*         0x08108e66        0x2 
 .text._localeconv_r
                0x08108e68        0x8 C:/ST/STM32CubeIDE_1.15.1/STM32CubeIDE/plugins/com.st.stm32cube.ide.mcu.externaltools.gnu-tools-for-stm32.12.3.rel1.win32_1.0.200.202406191623/tools/bin/../lib/gcc/arm-none-eabi/12.3.1/../../../../arm-none-eabi/lib/thumb/v7e-m+fp/hard\libc_nano.a(libc_a-localeconv.o)
                0x08108e68                _localeconv_r
 .text._close_r
                0x08108e70       0x20 C:/ST/STM32CubeIDE_1.15.1/STM32CubeIDE/plugins/com.st.stm32cube.ide.mcu.externaltools.gnu-tools-for-stm32.12.3.rel1.win32_1.0.200.202406191623/tools/bin/../lib/gcc/arm-none-eabi/12.3.1/../../../../arm-none-eabi/lib/thumb/v7e-m+fp/hard\libc_nano.a(libc_a-closer.o)
                0x08108e70                _close_r
 .text._lseek_r
                0x08108e90       0x24 C:/ST/STM32CubeIDE_1.15.1/STM32CubeIDE/plugins/com.st.stm32cube.ide.mcu.externaltools.gnu-tools-for-stm32.12.3.rel1.win32_1.0.200.202406191623/tools/bin/../lib/gcc/arm-none-eabi/12.3.1/../../../../arm-none-eabi/lib/thumb/v7e-m+fp/hard\libc_nano.a(libc_a-lseekr.o)
                0x08108e90                _lseek_r
 .text._read_r  0x08108eb4       0x24 C:/ST/STM32CubeIDE_1.15.1/STM32CubeIDE/plugins/com.st.stm32cube.ide.mcu.externaltools.gnu-tools-for-stm32.12.3.rel1.win32_1.0.200.202406191623/tools/bin/../lib/gcc/arm-none-eabi/12.3.1/../../../../arm-none-eabi/lib/thumb/v7e-m+fp/hard\libc_nano.a(libc_a-readr.o)
                0x08108eb4                _read_r
 .text._write_r
                0x08108ed8       0x24 C:/ST/STM32CubeIDE_1.15.1/STM32CubeIDE/plugins/com.st.stm32cube.ide.mcu.externaltools.gnu-tools-for-stm32.12.3.rel1.win32_1.0.200.202406191623/tools/bin/../lib/gcc/arm-none-eabi/12.3.1/../../../../arm-none-eabi/lib/thumb/v7e-m+fp/hard\libc_nano.a(libc_a-writer.o)
                0x08108ed8                _write_r
 .text.__errno  0x08108efc        0xc C:/ST/STM32CubeIDE_1.15.1/STM32CubeIDE/plugins/com.st.stm32cube.ide.mcu.externaltools.gnu-tools-for-stm32.12.3.rel1.win32_1.0.200.202406191623/tools/bin/../lib/gcc/arm-none-eabi/12.3.1/../../../../arm-none-eabi/lib/thumb/v7e-m+fp/hard\libc_nano.a(libc_a-errno.o)
                0x08108efc                __errno
 .text.__libc_init_array
                0x08108f08       0x48 C:/ST/STM32CubeIDE_1.15.1/STM32CubeIDE/plugins/com.st.stm32cube.ide.mcu.externaltools.gnu-tools-for-stm32.12.3.rel1.win32_1.0.200.202406191623/tools/bin/../lib/gcc/arm-none-eabi/12.3.1/../../../../arm-none-eabi/lib/thumb/v7e-m+fp/hard\libc_nano.a(libc_a-init.o)
                0x08108f08                __libc_init_array
 .text.__retarget_lock_init_recursive
                0x08108f50        0x2 C:/ST/STM32CubeIDE_1.15.1/STM32CubeIDE/plugins/com.st.stm32cube.ide.mcu.externaltools.gnu-tools-for-stm32.12.3.rel1.win32_1.0.200.202406191623/tools/bin/../lib/gcc/arm-none-eabi/12.3.1/../../../../arm-none-eabi/lib/thumb/v7e-m+fp/hard\libc_nano.a(libc_a-lock.o)
                0x08108f50                __retarget_lock_init_recursive
 .text.__retarget_lock_acquire_recursive
                0x08108f52        0x2 C:/ST/STM32CubeIDE_1.15.1/STM32CubeIDE/plugins/com.st.stm32cube.ide.mcu.externaltools.gnu-tools-for-stm32.12.3.rel1.win32_1.0.200.202406191623/tools/bin/../lib/gcc/arm-none-eabi/12.3.1/../../../../arm-none-eabi/lib/thumb/v7e-m+fp/hard\libc_nano.a(libc_a-lock.o)
                0x08108f52                __retarget_lock_acquire_recursive
 .text.__retarget_lock_release_recursive
                0x08108f54        0x2 C:/ST/STM32CubeIDE_1.15.1/STM32CubeIDE/plugins/com.st.stm32cube.ide.mcu.externaltools.gnu-tools-for-stm32.12.3.rel1.win32_1.0.200.202406191623/tools/bin/../lib/gcc/arm-none-eabi/12.3.1/../../../../arm-none-eabi/lib/thumb/v7e-m+fp/hard\libc_nano.a(libc_a-lock.o)
                0x08108f54                __retarget_lock_release_recursive
 .text.memcpy   0x08108f56       0x1c C:/ST/STM32CubeIDE_1.15.1/STM32CubeIDE/plugins/com.st.stm32cube.ide.mcu.externaltools.gnu-tools-for-stm32.12.3.rel1.win32_1.0.200.202406191623/tools/bin/../lib/gcc/arm-none-eabi/12.3.1/../../../../arm-none-eabi/lib/thumb/v7e-m+fp/hard\libc_nano.a(libc_a-memcpy-stub.o)
                0x08108f56                memcpy
 *fill*         0x08108f72        0x2 
 .text.__assert_func
                0x08108f74       0x3c C:/ST/STM32CubeIDE_1.15.1/STM32CubeIDE/plugins/com.st.stm32cube.ide.mcu.externaltools.gnu-tools-for-stm32.12.3.rel1.win32_1.0.200.202406191623/tools/bin/../lib/gcc/arm-none-eabi/12.3.1/../../../../arm-none-eabi/lib/thumb/v7e-m+fp/hard\libc_nano.a(libc_a-assert.o)
                0x08108f74                __assert_func
 .text.quorem   0x08108fb0      0x110 C:/ST/STM32CubeIDE_1.15.1/STM32CubeIDE/plugins/com.st.stm32cube.ide.mcu.externaltools.gnu-tools-for-stm32.12.3.rel1.win32_1.0.200.202406191623/tools/bin/../lib/gcc/arm-none-eabi/12.3.1/../../../../arm-none-eabi/lib/thumb/v7e-m+fp/hard\libc_nano.a(libc_a-dtoa.o)
 .text._dtoa_r  0x081090c0      0xb88 C:/ST/STM32CubeIDE_1.15.1/STM32CubeIDE/plugins/com.st.stm32cube.ide.mcu.externaltools.gnu-tools-for-stm32.12.3.rel1.win32_1.0.200.202406191623/tools/bin/../lib/gcc/arm-none-eabi/12.3.1/../../../../arm-none-eabi/lib/thumb/v7e-m+fp/hard\libc_nano.a(libc_a-dtoa.o)
                0x081090c0                _dtoa_r
 .text._free_r  0x08109c48       0x94 C:/ST/STM32CubeIDE_1.15.1/STM32CubeIDE/plugins/com.st.stm32cube.ide.mcu.externaltools.gnu-tools-for-stm32.12.3.rel1.win32_1.0.200.202406191623/tools/bin/../lib/gcc/arm-none-eabi/12.3.1/../../../../arm-none-eabi/lib/thumb/v7e-m+fp/hard\libc_nano.a(libc_a-freer.o)
                0x08109c48                _free_r
 .text.malloc   0x08109cdc       0x10 C:/ST/STM32CubeIDE_1.15.1/STM32CubeIDE/plugins/com.st.stm32cube.ide.mcu.externaltools.gnu-tools-for-stm32.12.3.rel1.win32_1.0.200.202406191623/tools/bin/../lib/gcc/arm-none-eabi/12.3.1/../../../../arm-none-eabi/lib/thumb/v7e-m+fp/hard\libc_nano.a(libc_a-malloc.o)
                0x08109cdc                malloc
 .text.sbrk_aligned
                0x08109cec       0x44 C:/ST/STM32CubeIDE_1.15.1/STM32CubeIDE/plugins/com.st.stm32cube.ide.mcu.externaltools.gnu-tools-for-stm32.12.3.rel1.win32_1.0.200.202406191623/tools/bin/../lib/gcc/arm-none-eabi/12.3.1/../../../../arm-none-eabi/lib/thumb/v7e-m+fp/hard\libc_nano.a(libc_a-mallocr.o)
 .text._malloc_r
                0x08109d30      0x100 C:/ST/STM32CubeIDE_1.15.1/STM32CubeIDE/plugins/com.st.stm32cube.ide.mcu.externaltools.gnu-tools-for-stm32.12.3.rel1.win32_1.0.200.202406191623/tools/bin/../lib/gcc/arm-none-eabi/12.3.1/../../../../arm-none-eabi/lib/thumb/v7e-m+fp/hard\libc_nano.a(libc_a-mallocr.o)
                0x08109d30                _malloc_r
 .text.__malloc_lock
                0x08109e30        0xc C:/ST/STM32CubeIDE_1.15.1/STM32CubeIDE/plugins/com.st.stm32cube.ide.mcu.externaltools.gnu-tools-for-stm32.12.3.rel1.win32_1.0.200.202406191623/tools/bin/../lib/gcc/arm-none-eabi/12.3.1/../../../../arm-none-eabi/lib/thumb/v7e-m+fp/hard\libc_nano.a(libc_a-mlock.o)
                0x08109e30                __malloc_lock
 .text.__malloc_unlock
                0x08109e3c        0xc C:/ST/STM32CubeIDE_1.15.1/STM32CubeIDE/plugins/com.st.stm32cube.ide.mcu.externaltools.gnu-tools-for-stm32.12.3.rel1.win32_1.0.200.202406191623/tools/bin/../lib/gcc/arm-none-eabi/12.3.1/../../../../arm-none-eabi/lib/thumb/v7e-m+fp/hard\libc_nano.a(libc_a-mlock.o)
                0x08109e3c                __malloc_unlock
 .text._Balloc  0x08109e48       0x80 C:/ST/STM32CubeIDE_1.15.1/STM32CubeIDE/plugins/com.st.stm32cube.ide.mcu.externaltools.gnu-tools-for-stm32.12.3.rel1.win32_1.0.200.202406191623/tools/bin/../lib/gcc/arm-none-eabi/12.3.1/../../../../arm-none-eabi/lib/thumb/v7e-m+fp/hard\libc_nano.a(libc_a-mprec.o)
                0x08109e48                _Balloc
 .text._Bfree   0x08109ec8       0x44 C:/ST/STM32CubeIDE_1.15.1/STM32CubeIDE/plugins/com.st.stm32cube.ide.mcu.externaltools.gnu-tools-for-stm32.12.3.rel1.win32_1.0.200.202406191623/tools/bin/../lib/gcc/arm-none-eabi/12.3.1/../../../../arm-none-eabi/lib/thumb/v7e-m+fp/hard\libc_nano.a(libc_a-mprec.o)
                0x08109ec8                _Bfree
 .text.__multadd
                0x08109f0c       0x8c C:/ST/STM32CubeIDE_1.15.1/STM32CubeIDE/plugins/com.st.stm32cube.ide.mcu.externaltools.gnu-tools-for-stm32.12.3.rel1.win32_1.0.200.202406191623/tools/bin/../lib/gcc/arm-none-eabi/12.3.1/../../../../arm-none-eabi/lib/thumb/v7e-m+fp/hard\libc_nano.a(libc_a-mprec.o)
                0x08109f0c                __multadd
 .text.__hi0bits
                0x08109f98       0x3e C:/ST/STM32CubeIDE_1.15.1/STM32CubeIDE/plugins/com.st.stm32cube.ide.mcu.externaltools.gnu-tools-for-stm32.12.3.rel1.win32_1.0.200.202406191623/tools/bin/../lib/gcc/arm-none-eabi/12.3.1/../../../../arm-none-eabi/lib/thumb/v7e-m+fp/hard\libc_nano.a(libc_a-mprec.o)
                0x08109f98                __hi0bits
 .text.__lo0bits
                0x08109fd6       0x5a C:/ST/STM32CubeIDE_1.15.1/STM32CubeIDE/plugins/com.st.stm32cube.ide.mcu.externaltools.gnu-tools-for-stm32.12.3.rel1.win32_1.0.200.202406191623/tools/bin/../lib/gcc/arm-none-eabi/12.3.1/../../../../arm-none-eabi/lib/thumb/v7e-m+fp/hard\libc_nano.a(libc_a-mprec.o)
                0x08109fd6                __lo0bits
 .text.__i2b    0x0810a030       0x2c C:/ST/STM32CubeIDE_1.15.1/STM32CubeIDE/plugins/com.st.stm32cube.ide.mcu.externaltools.gnu-tools-for-stm32.12.3.rel1.win32_1.0.200.202406191623/tools/bin/../lib/gcc/arm-none-eabi/12.3.1/../../../../arm-none-eabi/lib/thumb/v7e-m+fp/hard\libc_nano.a(libc_a-mprec.o)
                0x0810a030                __i2b
 .text.__multiply
                0x0810a05c      0x154 C:/ST/STM32CubeIDE_1.15.1/STM32CubeIDE/plugins/com.st.stm32cube.ide.mcu.externaltools.gnu-tools-for-stm32.12.3.rel1.win32_1.0.200.202406191623/tools/bin/../lib/gcc/arm-none-eabi/12.3.1/../../../../arm-none-eabi/lib/thumb/v7e-m+fp/hard\libc_nano.a(libc_a-mprec.o)
                0x0810a05c                __multiply
 .text.__pow5mult
                0x0810a1b0       0xb4 C:/ST/STM32CubeIDE_1.15.1/STM32CubeIDE/plugins/com.st.stm32cube.ide.mcu.externaltools.gnu-tools-for-stm32.12.3.rel1.win32_1.0.200.202406191623/tools/bin/../lib/gcc/arm-none-eabi/12.3.1/../../../../arm-none-eabi/lib/thumb/v7e-m+fp/hard\libc_nano.a(libc_a-mprec.o)
                0x0810a1b0                __pow5mult
 .text.__lshift
                0x0810a264       0xd8 C:/ST/STM32CubeIDE_1.15.1/STM32CubeIDE/plugins/com.st.stm32cube.ide.mcu.externaltools.gnu-tools-for-stm32.12.3.rel1.win32_1.0.200.202406191623/tools/bin/../lib/gcc/arm-none-eabi/12.3.1/../../../../arm-none-eabi/lib/thumb/v7e-m+fp/hard\libc_nano.a(libc_a-mprec.o)
                0x0810a264                __lshift
 .text.__mcmp   0x0810a33c       0x36 C:/ST/STM32CubeIDE_1.15.1/STM32CubeIDE/plugins/com.st.stm32cube.ide.mcu.externaltools.gnu-tools-for-stm32.12.3.rel1.win32_1.0.200.202406191623/tools/bin/../lib/gcc/arm-none-eabi/12.3.1/../../../../arm-none-eabi/lib/thumb/v7e-m+fp/hard\libc_nano.a(libc_a-mprec.o)
                0x0810a33c                __mcmp
 *fill*         0x0810a372        0x2 
 .text.__mdiff  0x0810a374      0x128 C:/ST/STM32CubeIDE_1.15.1/STM32CubeIDE/plugins/com.st.stm32cube.ide.mcu.externaltools.gnu-tools-for-stm32.12.3.rel1.win32_1.0.200.202406191623/tools/bin/../lib/gcc/arm-none-eabi/12.3.1/../../../../arm-none-eabi/lib/thumb/v7e-m+fp/hard\libc_nano.a(libc_a-mprec.o)
                0x0810a374                __mdiff
 .text.__d2b    0x0810a49c       0xb0 C:/ST/STM32CubeIDE_1.15.1/STM32CubeIDE/plugins/com.st.stm32cube.ide.mcu.externaltools.gnu-tools-for-stm32.12.3.rel1.win32_1.0.200.202406191623/tools/bin/../lib/gcc/arm-none-eabi/12.3.1/../../../../arm-none-eabi/lib/thumb/v7e-m+fp/hard\libc_nano.a(libc_a-mprec.o)
                0x0810a49c                __d2b
 .text.__ssputs_r
                0x0810a54c       0xb6 C:/ST/STM32CubeIDE_1.15.1/STM32CubeIDE/plugins/com.st.stm32cube.ide.mcu.externaltools.gnu-tools-for-stm32.12.3.rel1.win32_1.0.200.202406191623/tools/bin/../lib/gcc/arm-none-eabi/12.3.1/../../../../arm-none-eabi/lib/thumb/v7e-m+fp/hard\libc_nano.a(libc_a-nano-svfprintf.o)
                0x0810a54c                __ssputs_r
 *fill*         0x0810a602        0x2 
 .text._svfprintf_r
                0x0810a604      0x1f8 C:/ST/STM32CubeIDE_1.15.1/STM32CubeIDE/plugins/com.st.stm32cube.ide.mcu.externaltools.gnu-tools-for-stm32.12.3.rel1.win32_1.0.200.202406191623/tools/bin/../lib/gcc/arm-none-eabi/12.3.1/../../../../arm-none-eabi/lib/thumb/v7e-m+fp/hard\libc_nano.a(libc_a-nano-svfprintf.o)
                0x0810a604                _svfiprintf_r
                0x0810a604                _svfprintf_r
 .text.__sfputc_r
                0x0810a7fc       0x2e C:/ST/STM32CubeIDE_1.15.1/STM32CubeIDE/plugins/com.st.stm32cube.ide.mcu.externaltools.gnu-tools-for-stm32.12.3.rel1.win32_1.0.200.202406191623/tools/bin/../lib/gcc/arm-none-eabi/12.3.1/../../../../arm-none-eabi/lib/thumb/v7e-m+fp/hard\libc_nano.a(libc_a-nano-vfprintf.o)
 .text.__sfputs_r
                0x0810a82a       0x24 C:/ST/STM32CubeIDE_1.15.1/STM32CubeIDE/plugins/com.st.stm32cube.ide.mcu.externaltools.gnu-tools-for-stm32.12.3.rel1.win32_1.0.200.202406191623/tools/bin/../lib/gcc/arm-none-eabi/12.3.1/../../../../arm-none-eabi/lib/thumb/v7e-m+fp/hard\libc_nano.a(libc_a-nano-vfprintf.o)
                0x0810a82a                __sfputs_r
 *fill*         0x0810a84e        0x2 
 .text._vfprintf_r
                0x0810a850      0x230 C:/ST/STM32CubeIDE_1.15.1/STM32CubeIDE/plugins/com.st.stm32cube.ide.mcu.externaltools.gnu-tools-for-stm32.12.3.rel1.win32_1.0.200.202406191623/tools/bin/../lib/gcc/arm-none-eabi/12.3.1/../../../../arm-none-eabi/lib/thumb/v7e-m+fp/hard\libc_nano.a(libc_a-nano-vfprintf.o)
                0x0810a850                _vfprintf_r
                0x0810a850                _vfiprintf_r
 .text.__sflush_r
                0x0810aa80      0x108 C:/ST/STM32CubeIDE_1.15.1/STM32CubeIDE/plugins/com.st.stm32cube.ide.mcu.externaltools.gnu-tools-for-stm32.12.3.rel1.win32_1.0.200.202406191623/tools/bin/../lib/gcc/arm-none-eabi/12.3.1/../../../../arm-none-eabi/lib/thumb/v7e-m+fp/hard\libc_nano.a(libc_a-fflush.o)
                0x0810aa80                __sflush_r
 .text._fflush_r
                0x0810ab88       0x50 C:/ST/STM32CubeIDE_1.15.1/STM32CubeIDE/plugins/com.st.stm32cube.ide.mcu.externaltools.gnu-tools-for-stm32.12.3.rel1.win32_1.0.200.202406191623/tools/bin/../lib/gcc/arm-none-eabi/12.3.1/../../../../arm-none-eabi/lib/thumb/v7e-m+fp/hard\libc_nano.a(libc_a-fflush.o)
                0x0810ab88                _fflush_r
 .text.fprintf  0x0810abd8       0x24 C:/ST/STM32CubeIDE_1.15.1/STM32CubeIDE/plugins/com.st.stm32cube.ide.mcu.externaltools.gnu-tools-for-stm32.12.3.rel1.win32_1.0.200.202406191623/tools/bin/../lib/gcc/arm-none-eabi/12.3.1/../../../../arm-none-eabi/lib/thumb/v7e-m+fp/hard\libc_nano.a(libc_a-fprintf.o)
                0x0810abd8                fiprintf
                0x0810abd8                fprintf
 .text.__swhatbuf_r
                0x0810abfc       0x4c C:/ST/STM32CubeIDE_1.15.1/STM32CubeIDE/plugins/com.st.stm32cube.ide.mcu.externaltools.gnu-tools-for-stm32.12.3.rel1.win32_1.0.200.202406191623/tools/bin/../lib/gcc/arm-none-eabi/12.3.1/../../../../arm-none-eabi/lib/thumb/v7e-m+fp/hard\libc_nano.a(libc_a-makebuf.o)
                0x0810abfc                __swhatbuf_r
 .text.__smakebuf_r
                0x0810ac48       0x78 C:/ST/STM32CubeIDE_1.15.1/STM32CubeIDE/plugins/com.st.stm32cube.ide.mcu.externaltools.gnu-tools-for-stm32.12.3.rel1.win32_1.0.200.202406191623/tools/bin/../lib/gcc/arm-none-eabi/12.3.1/../../../../arm-none-eabi/lib/thumb/v7e-m+fp/hard\libc_nano.a(libc_a-makebuf.o)
                0x0810ac48                __smakebuf_r
 .text.memmove  0x0810acc0       0x34 C:/ST/STM32CubeIDE_1.15.1/STM32CubeIDE/plugins/com.st.stm32cube.ide.mcu.externaltools.gnu-tools-for-stm32.12.3.rel1.win32_1.0.200.202406191623/tools/bin/../lib/gcc/arm-none-eabi/12.3.1/../../../../arm-none-eabi/lib/thumb/v7e-m+fp/hard\libc_nano.a(libc_a-memmove.o)
                0x0810acc0                memmove
 .text._fstat_r
                0x0810acf4       0x24 C:/ST/STM32CubeIDE_1.15.1/STM32CubeIDE/plugins/com.st.stm32cube.ide.mcu.externaltools.gnu-tools-for-stm32.12.3.rel1.win32_1.0.200.202406191623/tools/bin/../lib/gcc/arm-none-eabi/12.3.1/../../../../arm-none-eabi/lib/thumb/v7e-m+fp/hard\libc_nano.a(libc_a-fstatr.o)
                0x0810acf4                _fstat_r
 .text._isatty_r
                0x0810ad18       0x20 C:/ST/STM32CubeIDE_1.15.1/STM32CubeIDE/plugins/com.st.stm32cube.ide.mcu.externaltools.gnu-tools-for-stm32.12.3.rel1.win32_1.0.200.202406191623/tools/bin/../lib/gcc/arm-none-eabi/12.3.1/../../../../arm-none-eabi/lib/thumb/v7e-m+fp/hard\libc_nano.a(libc_a-isattyr.o)
                0x0810ad18                _isatty_r
 .text._sbrk_r  0x0810ad38       0x20 C:/ST/STM32CubeIDE_1.15.1/STM32CubeIDE/plugins/com.st.stm32cube.ide.mcu.externaltools.gnu-tools-for-stm32.12.3.rel1.win32_1.0.200.202406191623/tools/bin/../lib/gcc/arm-none-eabi/12.3.1/../../../../arm-none-eabi/lib/thumb/v7e-m+fp/hard\libc_nano.a(libc_a-sbrkr.o)
                0x0810ad38                _sbrk_r
 .text.abort    0x0810ad58        0xe C:/ST/STM32CubeIDE_1.15.1/STM32CubeIDE/plugins/com.st.stm32cube.ide.mcu.externaltools.gnu-tools-for-stm32.12.3.rel1.win32_1.0.200.202406191623/tools/bin/../lib/gcc/arm-none-eabi/12.3.1/../../../../arm-none-eabi/lib/thumb/v7e-m+fp/hard\libc_nano.a(libc_a-abort.o)
                0x0810ad58                abort
 .text._calloc_r
                0x0810ad66       0x28 C:/ST/STM32CubeIDE_1.15.1/STM32CubeIDE/plugins/com.st.stm32cube.ide.mcu.externaltools.gnu-tools-for-stm32.12.3.rel1.win32_1.0.200.202406191623/tools/bin/../lib/gcc/arm-none-eabi/12.3.1/../../../../arm-none-eabi/lib/thumb/v7e-m+fp/hard\libc_nano.a(libc_a-callocr.o)
                0x0810ad66                _calloc_r
 .text.__ascii_mbtowc
                0x0810ad8e       0x24 C:/ST/STM32CubeIDE_1.15.1/STM32CubeIDE/plugins/com.st.stm32cube.ide.mcu.externaltools.gnu-tools-for-stm32.12.3.rel1.win32_1.0.200.202406191623/tools/bin/../lib/gcc/arm-none-eabi/12.3.1/../../../../arm-none-eabi/lib/thumb/v7e-m+fp/hard\libc_nano.a(libc_a-mbtowc_r.o)
                0x0810ad8e                __ascii_mbtowc
 .text._realloc_r
                0x0810adb2       0x5c C:/ST/STM32CubeIDE_1.15.1/STM32CubeIDE/plugins/com.st.stm32cube.ide.mcu.externaltools.gnu-tools-for-stm32.12.3.rel1.win32_1.0.200.202406191623/tools/bin/../lib/gcc/arm-none-eabi/12.3.1/../../../../arm-none-eabi/lib/thumb/v7e-m+fp/hard\libc_nano.a(libc_a-reallocr.o)
                0x0810adb2                _realloc_r
 .text.__ascii_wctomb
                0x0810ae0e       0x1a C:/ST/STM32CubeIDE_1.15.1/STM32CubeIDE/plugins/com.st.stm32cube.ide.mcu.externaltools.gnu-tools-for-stm32.12.3.rel1.win32_1.0.200.202406191623/tools/bin/../lib/gcc/arm-none-eabi/12.3.1/../../../../arm-none-eabi/lib/thumb/v7e-m+fp/hard\libc_nano.a(libc_a-wctomb_r.o)
                0x0810ae0e                __ascii_wctomb
 .text._raise_r
                0x0810ae28       0x50 C:/ST/STM32CubeIDE_1.15.1/STM32CubeIDE/plugins/com.st.stm32cube.ide.mcu.externaltools.gnu-tools-for-stm32.12.3.rel1.win32_1.0.200.202406191623/tools/bin/../lib/gcc/arm-none-eabi/12.3.1/../../../../arm-none-eabi/lib/thumb/v7e-m+fp/hard\libc_nano.a(libc_a-signal.o)
                0x0810ae28                _raise_r
 .text.raise    0x0810ae78       0x10 C:/ST/STM32CubeIDE_1.15.1/STM32CubeIDE/plugins/com.st.stm32cube.ide.mcu.externaltools.gnu-tools-for-stm32.12.3.rel1.win32_1.0.200.202406191623/tools/bin/../lib/gcc/arm-none-eabi/12.3.1/../../../../arm-none-eabi/lib/thumb/v7e-m+fp/hard\libc_nano.a(libc_a-signal.o)
                0x0810ae78                raise
 .text._kill_r  0x0810ae88       0x24 C:/ST/STM32CubeIDE_1.15.1/STM32CubeIDE/plugins/com.st.stm32cube.ide.mcu.externaltools.gnu-tools-for-stm32.12.3.rel1.win32_1.0.200.202406191623/tools/bin/../lib/gcc/arm-none-eabi/12.3.1/../../../../arm-none-eabi/lib/thumb/v7e-m+fp/hard\libc_nano.a(libc_a-signalr.o)
                0x0810ae88                _kill_r
 .text._getpid_r
                0x0810aeac        0x4 C:/ST/STM32CubeIDE_1.15.1/STM32CubeIDE/plugins/com.st.stm32cube.ide.mcu.externaltools.gnu-tools-for-stm32.12.3.rel1.win32_1.0.200.202406191623/tools/bin/../lib/gcc/arm-none-eabi/12.3.1/../../../../arm-none-eabi/lib/thumb/v7e-m+fp/hard\libc_nano.a(libc_a-signalr.o)
                0x0810aeac                _getpid_r
 .text._malloc_usable_size_r
                0x0810aeb0       0x10 C:/ST/STM32CubeIDE_1.15.1/STM32CubeIDE/plugins/com.st.stm32cube.ide.mcu.externaltools.gnu-tools-for-stm32.12.3.rel1.win32_1.0.200.202406191623/tools/bin/../lib/gcc/arm-none-eabi/12.3.1/../../../../arm-none-eabi/lib/thumb/v7e-m+fp/hard\libc_nano.a(libc_a-msizer.o)
                0x0810aeb0                _malloc_usable_size_r
 *(.glue_7)
 .glue_7        0x0810aec0        0x0 linker stubs
 *(.glue_7t)
 .glue_7t       0x0810aec0        0x0 linker stubs
 *(.eh_frame)
 .eh_frame      0x0810aec0        0x0 C:/ST/STM32CubeIDE_1.15.1/STM32CubeIDE/plugins/com.st.stm32cube.ide.mcu.externaltools.gnu-tools-for-stm32.12.3.rel1.win32_1.0.200.202406191623/tools/bin/../lib/gcc/arm-none-eabi/12.3.1/thumb/v7e-m+fp/hard/crtbegin.o
 *(.init)
 .init          0x0810aec0        0x4 C:/ST/STM32CubeIDE_1.15.1/STM32CubeIDE/plugins/com.st.stm32cube.ide.mcu.externaltools.gnu-tools-for-stm32.12.3.rel1.win32_1.0.200.202406191623/tools/bin/../lib/gcc/arm-none-eabi/12.3.1/thumb/v7e-m+fp/hard/crti.o
                0x0810aec0                _init
 .init          0x0810aec4        0x8 C:/ST/STM32CubeIDE_1.15.1/STM32CubeIDE/plugins/com.st.stm32cube.ide.mcu.externaltools.gnu-tools-for-stm32.12.3.rel1.win32_1.0.200.202406191623/tools/bin/../lib/gcc/arm-none-eabi/12.3.1/thumb/v7e-m+fp/hard/crtn.o
 *(.fini)
 .fini          0x0810aecc        0x4 C:/ST/STM32CubeIDE_1.15.1/STM32CubeIDE/plugins/com.st.stm32cube.ide.mcu.externaltools.gnu-tools-for-stm32.12.3.rel1.win32_1.0.200.202406191623/tools/bin/../lib/gcc/arm-none-eabi/12.3.1/thumb/v7e-m+fp/hard/crti.o
                0x0810aecc                _fini
 .fini          0x0810aed0        0x8 C:/ST/STM32CubeIDE_1.15.1/STM32CubeIDE/plugins/com.st.stm32cube.ide.mcu.externaltools.gnu-tools-for-stm32.12.3.rel1.win32_1.0.200.202406191623/tools/bin/../lib/gcc/arm-none-eabi/12.3.1/thumb/v7e-m+fp/hard/crtn.o
                0x0810aed8                        . = ALIGN (0x4)
                0x0810aed8                        _etext = .

.vfp11_veneer   0x0810aed8        0x0
 .vfp11_veneer  0x0810aed8        0x0 linker stubs

.v4_bx          0x0810aed8        0x0
 .v4_bx         0x0810aed8        0x0 linker stubs

.iplt           0x0810aed8        0x0
 .iplt          0x0810aed8        0x0 C:/ST/STM32CubeIDE_1.15.1/STM32CubeIDE/plugins/com.st.stm32cube.ide.mcu.externaltools.gnu-tools-for-stm32.12.3.rel1.win32_1.0.200.202406191623/tools/bin/../lib/gcc/arm-none-eabi/12.3.1/thumb/v7e-m+fp/hard/crtbegin.o

.rodata         0x0810aed8      0x72c
                0x0810aed8                        . = ALIGN (0x4)
 *(.rodata)
 .rodata        0x0810aed8      0x16a ./Core/BSP/JSMN/jsmn.o
 *fill*         0x0810b042        0x2 
 .rodata        0x0810b044       0x48 ./Core/Peripherials/SPI/spi.o
 .rodata        0x0810b08c       0x41 ./Core/Peripherials/SPI_ADC/spi_ads8327.o
 *fill*         0x0810b0cd        0x3 
 .rodata        0x0810b0d0       0xb4 ./Core/Src/main.o
 .rodata        0x0810b184       0x3e ./Core/Task/dualcore_cmd/dualcore_cmd.o
 *(.rodata*)
 *fill*         0x0810b1c2        0x2 
 .rodata.D1CorePrescTable
                0x0810b1c4       0x10 ./Common/Src/system_stm32h7xx_dualcore_boot_cm4_cm7.o
                0x0810b1c4                D1CorePrescTable
 .rodata.UARTPrescTable
                0x0810b1d4       0x18 ./Drivers/STM32H7xx_HAL_Driver/stm32h7xx_hal_uart.o
                0x0810b1d4                UARTPrescTable
 .rodata.numerator.1
                0x0810b1ec        0x8 ./Drivers/STM32H7xx_HAL_Driver/stm32h7xx_hal_uart_ex.o
 .rodata.denominator.0
                0x0810b1f4        0x8 ./Drivers/STM32H7xx_HAL_Driver/stm32h7xx_hal_uart_ex.o
 .rodata.LL_RCC_PrescTable
                0x0810b1fc       0x10 ./Drivers/STM32H7xx_HAL_Driver/stm32h7xx_ll_rcc.o
                0x0810b1fc                LL_RCC_PrescTable
 .rodata.USART_PRESCALER_TAB
                0x0810b20c       0x30 ./Drivers/STM32H7xx_HAL_Driver/stm32h7xx_ll_usart.o
 .rodata.srand.str1.1
                0x0810b23c       0x6f C:/ST/STM32CubeIDE_1.15.1/STM32CubeIDE/plugins/com.st.stm32cube.ide.mcu.externaltools.gnu-tools-for-stm32.12.3.rel1.win32_1.0.200.202406191623/tools/bin/../lib/gcc/arm-none-eabi/12.3.1/../../../../arm-none-eabi/lib/thumb/v7e-m+fp/hard\libc_nano.a(libc_a-rand.o)
 .rodata._ctype_
                0x0810b2ab      0x101 C:/ST/STM32CubeIDE_1.15.1/STM32CubeIDE/plugins/com.st.stm32cube.ide.mcu.externaltools.gnu-tools-for-stm32.12.3.rel1.win32_1.0.200.202406191623/tools/bin/../lib/gcc/arm-none-eabi/12.3.1/../../../../arm-none-eabi/lib/thumb/v7e-m+fp/hard\libc_nano.a(libc_a-ctype_.o)
                0x0810b2ab                _ctype_
 .rodata._printf_float.str1.1
                0x0810b3ac       0x12 C:/ST/STM32CubeIDE_1.15.1/STM32CubeIDE/plugins/com.st.stm32cube.ide.mcu.externaltools.gnu-tools-for-stm32.12.3.rel1.win32_1.0.200.202406191623/tools/bin/../lib/gcc/arm-none-eabi/12.3.1/../../../../arm-none-eabi/lib/thumb/v7e-m+fp/hard\libc_nano.a(libc_a-nano-vfprintf_float.o)
 .rodata._printf_i.str1.1
                0x0810b3be       0x22 C:/ST/STM32CubeIDE_1.15.1/STM32CubeIDE/plugins/com.st.stm32cube.ide.mcu.externaltools.gnu-tools-for-stm32.12.3.rel1.win32_1.0.200.202406191623/tools/bin/../lib/gcc/arm-none-eabi/12.3.1/../../../../arm-none-eabi/lib/thumb/v7e-m+fp/hard\libc_nano.a(libc_a-nano-vfprintf_i.o)
 .rodata.__assert_func.str1.1
                0x0810b3e0       0x3c C:/ST/STM32CubeIDE_1.15.1/STM32CubeIDE/plugins/com.st.stm32cube.ide.mcu.externaltools.gnu-tools-for-stm32.12.3.rel1.win32_1.0.200.202406191623/tools/bin/../lib/gcc/arm-none-eabi/12.3.1/../../../../arm-none-eabi/lib/thumb/v7e-m+fp/hard\libc_nano.a(libc_a-assert.o)
                                 0x3d (size before relaxing)
 .rodata._dtoa_r.str1.1
                0x0810b41c       0x76 C:/ST/STM32CubeIDE_1.15.1/STM32CubeIDE/plugins/com.st.stm32cube.ide.mcu.externaltools.gnu-tools-for-stm32.12.3.rel1.win32_1.0.200.202406191623/tools/bin/../lib/gcc/arm-none-eabi/12.3.1/../../../../arm-none-eabi/lib/thumb/v7e-m+fp/hard\libc_nano.a(libc_a-dtoa.o)
                                 0x8f (size before relaxing)
 .rodata._Balloc.str1.1
                0x0810b492       0x59 C:/ST/STM32CubeIDE_1.15.1/STM32CubeIDE/plugins/com.st.stm32cube.ide.mcu.externaltools.gnu-tools-for-stm32.12.3.rel1.win32_1.0.200.202406191623/tools/bin/../lib/gcc/arm-none-eabi/12.3.1/../../../../arm-none-eabi/lib/thumb/v7e-m+fp/hard\libc_nano.a(libc_a-mprec.o)
                                 0x70 (size before relaxing)
 .rodata.__multadd.str1.1
                0x0810b4eb       0x11 C:/ST/STM32CubeIDE_1.15.1/STM32CubeIDE/plugins/com.st.stm32cube.ide.mcu.externaltools.gnu-tools-for-stm32.12.3.rel1.win32_1.0.200.202406191623/tools/bin/../lib/gcc/arm-none-eabi/12.3.1/../../../../arm-none-eabi/lib/thumb/v7e-m+fp/hard\libc_nano.a(libc_a-mprec.o)
 *fill*         0x0810b4eb        0x1 
 .rodata.p05.0  0x0810b4ec        0xc C:/ST/STM32CubeIDE_1.15.1/STM32CubeIDE/plugins/com.st.stm32cube.ide.mcu.externaltools.gnu-tools-for-stm32.12.3.rel1.win32_1.0.200.202406191623/tools/bin/../lib/gcc/arm-none-eabi/12.3.1/../../../../arm-none-eabi/lib/thumb/v7e-m+fp/hard\libc_nano.a(libc_a-mprec.o)
 .rodata.__mprec_bigtens
                0x0810b4f8       0x28 C:/ST/STM32CubeIDE_1.15.1/STM32CubeIDE/plugins/com.st.stm32cube.ide.mcu.externaltools.gnu-tools-for-stm32.12.3.rel1.win32_1.0.200.202406191623/tools/bin/../lib/gcc/arm-none-eabi/12.3.1/../../../../arm-none-eabi/lib/thumb/v7e-m+fp/hard\libc_nano.a(libc_a-mprec.o)
                0x0810b4f8                __mprec_bigtens
 .rodata.__mprec_tens
                0x0810b520       0xc8 C:/ST/STM32CubeIDE_1.15.1/STM32CubeIDE/plugins/com.st.stm32cube.ide.mcu.externaltools.gnu-tools-for-stm32.12.3.rel1.win32_1.0.200.202406191623/tools/bin/../lib/gcc/arm-none-eabi/12.3.1/../../../../arm-none-eabi/lib/thumb/v7e-m+fp/hard\libc_nano.a(libc_a-mprec.o)
                0x0810b520                __mprec_tens
 .rodata._svfprintf_r.str1.1