../../Drivers/CMSIS/Include/core_cm4.h:1667:26:__NVIC_GetPriorityGrouping	1
../../Drivers/CMSIS/Include/core_cm4.h:1679:22:__NVIC_EnableIRQ	2
../../Drivers/CMSIS/Include/core_cm4.h:1809:22:__NVIC_SetPriority	2
../../Drivers/CMSIS/Include/core_cm4.h:1856:26:NVIC_EncodePriority	2
../../Drivers/STM32H7xx_HAL_Driver/Inc/stm32h7xx_ll_i2c.h:429:22:LL_I2C_Enable	1
../../Drivers/STM32H7xx_HAL_Driver/Inc/stm32h7xx_ll_i2c.h:443:22:LL_I2C_Disable	1
../../Drivers/STM32H7xx_HAL_Driver/Inc/stm32h7xx_ll_i2c.h:644:22:LL_I2C_EnableClockStretching	1
../../Drivers/STM32H7xx_HAL_Driver/Inc/stm32h7xx_ll_i2c.h:764:22:LL_I2C_DisableGeneralCall	1
../../Drivers/STM32H7xx_HAL_Driver/Inc/stm32h7xx_ll_i2c.h:875:22:LL_I2C_SetOwnAddress2	1
../../Drivers/STM32H7xx_HAL_Driver/Inc/stm32h7xx_ll_i2c.h:897:22:LL_I2C_DisableOwnAddress2	1
../../Drivers/STM32H7xx_HAL_Driver/Inc/stm32h7xx_ll_i2c.h:1552:26:LL_I2C_IsActiveFlag_TXE	2
../../Drivers/STM32H7xx_HAL_Driver/Inc/stm32h7xx_ll_i2c.h:1565:26:LL_I2C_IsActiveFlag_TXIS	2
../../Drivers/STM32H7xx_HAL_Driver/Inc/stm32h7xx_ll_i2c.h:1578:26:LL_I2C_IsActiveFlag_RXNE	2
../../Drivers/STM32H7xx_HAL_Driver/Inc/stm32h7xx_ll_i2c.h:1617:26:LL_I2C_IsActiveFlag_STOP	2
../../Drivers/STM32H7xx_HAL_Driver/Inc/stm32h7xx_ll_i2c.h:1741:26:LL_I2C_IsActiveFlag_BUSY	2
../../Drivers/STM32H7xx_HAL_Driver/Inc/stm32h7xx_ll_i2c.h:1879:22:LL_I2C_EnableAutoEndMode	1
../../Drivers/STM32H7xx_HAL_Driver/Inc/stm32h7xx_ll_i2c.h:1977:22:LL_I2C_AcknowledgeNextData	1
../../Drivers/STM32H7xx_HAL_Driver/Inc/stm32h7xx_ll_i2c.h:2133:22:LL_I2C_HandleTransfer	1
../../Drivers/STM32H7xx_HAL_Driver/Inc/stm32h7xx_ll_i2c.h:2225:25:LL_I2C_ReceiveData8	1
../../Drivers/STM32H7xx_HAL_Driver/Inc/stm32h7xx_ll_i2c.h:2237:22:LL_I2C_TransmitData8	1
../../Drivers/STM32H7xx_HAL_Driver/Inc/stm32h7xx_ll_rcc.h:2895:22:LL_RCC_SetClockSource	1
../../Drivers/STM32H7xx_HAL_Driver/Inc/stm32h7xx_ll_rcc.h:2924:22:LL_RCC_SetUSARTClockSource	1
../../Drivers/STM32H7xx_HAL_Driver/Inc/stm32h7xx_ll_rcc.h:2965:22:LL_RCC_SetI2CClockSource	1
../../Drivers/STM32H7xx_HAL_Driver/Inc/stm32h7xx_ll_rcc.h:3273:22:LL_RCC_SetSPIClockSource	1
../../Drivers/STM32H7xx_HAL_Driver/Inc/stm32h7xx_ll_rcc.h:4636:22:LL_RCC_PLL2_Enable	1
../../Drivers/STM32H7xx_HAL_Driver/Inc/stm32h7xx_ll_rcc.h:4657:26:LL_RCC_PLL2_IsReady	2
../../Drivers/STM32H7xx_HAL_Driver/Inc/stm32h7xx_ll_rcc.h:4679:22:LL_RCC_PLL2Q_Enable	1
../../Drivers/STM32H7xx_HAL_Driver/Inc/stm32h7xx_ll_rcc.h:4797:22:LL_RCC_PLL2_SetVCOOutputRange	1
../../Drivers/STM32H7xx_HAL_Driver/Inc/stm32h7xx_ll_rcc.h:4813:22:LL_RCC_PLL2_SetVCOInputRange	1
../../Drivers/STM32H7xx_HAL_Driver/Inc/stm32h7xx_ll_rcc.h:4884:22:LL_RCC_PLL2_SetN	1
../../Drivers/STM32H7xx_HAL_Driver/Inc/stm32h7xx_ll_rcc.h:4895:22:LL_RCC_PLL2_SetM	1
../../Drivers/STM32H7xx_HAL_Driver/Inc/stm32h7xx_ll_rcc.h:4906:22:LL_RCC_PLL2_SetP	1
../../Drivers/STM32H7xx_HAL_Driver/Inc/stm32h7xx_ll_rcc.h:4917:22:LL_RCC_PLL2_SetQ	1
../../Drivers/STM32H7xx_HAL_Driver/Inc/stm32h7xx_ll_rcc.h:4928:22:LL_RCC_PLL2_SetR	1
../../Drivers/STM32H7xx_HAL_Driver/Inc/stm32h7xx_ll_bus.h:1384:22:LL_AHB4_GRP1_EnableClock	1
../../Drivers/STM32H7xx_HAL_Driver/Inc/stm32h7xx_ll_bus.h:1862:22:LL_APB1_GRP1_EnableClock	1
../../Drivers/STM32H7xx_HAL_Driver/Inc/stm32h7xx_ll_bus.h:2814:22:LL_APB4_GRP1_EnableClock	1
../../Drivers/STM32H7xx_HAL_Driver/Inc/stm32h7xx_ll_cortex.h:494:22:LL_MPU_Enable	1
../../Drivers/STM32H7xx_HAL_Driver/Inc/stm32h7xx_ll_cortex.h:509:22:LL_MPU_Disable	1
../../Drivers/STM32H7xx_HAL_Driver/Inc/stm32h7xx_ll_spi.h:555:22:LL_SPI_Enable	1
../../Drivers/STM32H7xx_HAL_Driver/Inc/stm32h7xx_ll_spi.h:997:22:LL_SPI_StartMasterTransfer	1
../../Drivers/STM32H7xx_HAL_Driver/Inc/stm32h7xx_ll_spi.h:1116:22:LL_SPI_SetStandard	1
../../Drivers/STM32H7xx_HAL_Driver/Inc/stm32h7xx_ll_spi.h:1466:22:LL_SPI_SetFIFOThreshold	1
../../Drivers/STM32H7xx_HAL_Driver/Inc/stm32h7xx_ll_spi.h:1655:22:LL_SPI_EnableNSSPulseMgt	1
../../Drivers/STM32H7xx_HAL_Driver/Inc/stm32h7xx_ll_usart.h:635:22:LL_USART_Enable	1
../../Drivers/STM32H7xx_HAL_Driver/Inc/stm32h7xx_ll_usart.h:686:22:LL_USART_DisableFIFO	1
../../Drivers/STM32H7xx_HAL_Driver/Inc/stm32h7xx_ll_usart.h:719:22:LL_USART_SetTXFIFOThreshold	2
../../Drivers/STM32H7xx_HAL_Driver/Inc/stm32h7xx_ll_usart.h:758:22:LL_USART_SetRXFIFOThreshold	2
../../Drivers/STM32H7xx_HAL_Driver/Inc/stm32h7xx_ll_usart.h:2674:22:LL_USART_ConfigAsyncMode	1
../../Drivers/STM32H7xx_HAL_Driver/Inc/stm32h7xx_ll_usart.h:3009:26:LL_USART_IsActiveFlag_TC	2
../../Drivers/STM32H7xx_HAL_Driver/Inc/stm32h7xx_ll_usart.h:3024:26:LL_USART_IsActiveFlag_TXE_TXFNF	2
../../Drivers/STM32H7xx_HAL_Driver/Inc/stm32h7xx_ll_usart.h:3194:26:LL_USART_IsActiveFlag_TEACK	2
../../Drivers/STM32H7xx_HAL_Driver/Inc/stm32h7xx_ll_usart.h:3205:26:LL_USART_IsActiveFlag_REACK	2
../../Drivers/STM32H7xx_HAL_Driver/Inc/stm32h7xx_ll_usart.h:4275:22:LL_USART_TransmitData8	1
../../Drivers/STM32H7xx_HAL_Driver/Inc/stm32h7xx_ll_gpio.h:884:22:LL_GPIO_SetOutputPin	1
../../Drivers/STM32H7xx_HAL_Driver/Inc/stm32h7xx_ll_gpio.h:913:22:LL_GPIO_ResetOutputPin	1
../Core/Src/main.c:114:6:I2C4_ReInit	1
../Core/Src/main.c:125:5:main	5
../Core/Src/main.c:473:6:PeriphCommonClock_Config	2
../Core/Src/main.c:497:13:MX_I2C1_Init	1
../Core/Src/main.c:557:13:MX_I2C4_Init	1
../Core/Src/main.c:617:13:MX_SPI6_Init	1
../Core/Src/main.c:677:13:MX_UART7_Init	3
../Core/Src/main.c:748:13:MX_USART1_UART_Init	5
../Core/Src/main.c:796:13:MX_GPIO_Init	1
../Core/Src/main.c:872:6:set_pin	1
../Core/Src/main.c:876:6:clear_pin	1
../Core/Src/main.c:880:1:__io_putchar	1
../Core/Src/main.c:892:6:DS3231_Read	7
../Core/Src/main.c:926:6:DS3231_Write	6
../Core/Src/main.c:954:6:SendByte	3
../Core/Src/main.c:963:6:SendString	2
../Core/Src/main.c:974:6:MPU_Config	1
../Core/Src/main.c:988:6:Error_Handler	1
