../../Drivers/CMSIS/Include/core_cm7.h:2156:34:__NVIC_SystemReset	4	static,ignoring_inline_asm
../../Drivers/STM32H7xx_HAL_Driver/Inc/stm32h7xx_ll_gpio.h:884:22:LL_GPIO_SetOutputPin	16	static
../../Drivers/STM32H7xx_HAL_Driver/Inc/stm32h7xx_ll_gpio.h:913:22:LL_GPIO_ResetOutputPin	16	static
../BSP/CMDLine_M7/command.c:138:6:welcome	8	static
../BSP/CMDLine_M7/command.c:167:6:cmdline_init	8	static
../BSP/CMDLine_M7/command.c:179:13:cmdline_task_update	16	static
../BSP/CMDLine_M7/command.c:203:5:CMD_gui_ast	16	static
../BSP/CMDLine_M7/command.c:232:5:CMD_monitor	24	static
../BSP/CMDLine_M7/command.c:292:6:menu_generator	8	static
../BSP/CMDLine_M7/command.c:315:6:cursor_move_to	56	static
../BSP/CMDLine_M7/command.c:324:6:monitor_cover_generator	24	static
../BSP/CMDLine_M7/command.c:336:6:gui_cover_generator	24	static
../BSP/CMDLine_M7/command.c:349:6:process_gui_command	16	static
../BSP/CMDLine_M7/command.c:354:12:find_matches	40	static
../BSP/CMDLine_M7/command.c:374:5:CMD_help	312	static
../BSP/CMDLine_M7/command.c:405:5:CMD_welcome	16	static
../BSP/CMDLine_M7/command.c:414:5:CMD_cls	16	static
../BSP/CMDLine_M7/command.c:432:5:CMD_sd_release	16	static
../BSP/CMDLine_M7/command.c:442:5:CMD_sd_lockin	16	static
../BSP/CMDLine_M7/command.c:454:5:CMD_sd_reset	16	static
../BSP/CMDLine_M7/command.c:466:5:CMD_time	264	static
../BSP/CMDLine_M7/command.c:520:5:CMD_ls	16	static
../BSP/CMDLine_M7/command.c:528:5:CMD_cat	24	static
../BSP/CMDLine_M7/command.c:540:5:CMD_nano	24	static
../BSP/CMDLine_M7/command.c:552:5:CMD_vim	24	static
../BSP/CMDLine_M7/command.c:570:5:CMD_reset	16	static
../BSP/CMDLine_M7/command.c:576:5:CMD_cm4	168	static
../BSP/CMDLine_M7/command.c:590:5:CMD_lz_ctrl	232	static
../BSP/CMDLine_M7/command.c:621:5:CMD_pd_poll	232	static
../BSP/CMDLine_M7/command.c:649:5:CMD_lz_cur	168	static
../BSP/CMDLine_M7/command.c:670:5:CMD_lz_vol	232	static
../BSP/CMDLine_M7/command.c:705:5:CMD_time_set	24	static
../BSP/CMDLine_M7/command.c:739:5:NotYetDefine	16	static
../BSP/CMDLine_M7/command.c:746:5:CMD_exp_tec	168	static
../BSP/CMDLine_M7/command.c:798:6:process_command	880	static
../BSP/CMDLine_M7/command.c:991:6:command_create_task	8	static
